Archive member included to satisfy reference by file (symbol)

c:/program files (x86)/atmel/studio/7.0/toolchain/avr8/avr8-gnu-toolchain/bin/../lib/gcc/avr/5.4.0/../../../../avr/lib/avr6\libm.a(addsf3.o)
                              Classes.o (__subsf3)
c:/program files (x86)/atmel/studio/7.0/toolchain/avr8/avr8-gnu-toolchain/bin/../lib/gcc/avr/5.4.0/../../../../avr/lib/avr6\libm.a(addsf3x.o)
                              c:/program files (x86)/atmel/studio/7.0/toolchain/avr8/avr8-gnu-toolchain/bin/../lib/gcc/avr/5.4.0/../../../../avr/lib/avr6\libm.a(addsf3.o) (__addsf3x)
c:/program files (x86)/atmel/studio/7.0/toolchain/avr8/avr8-gnu-toolchain/bin/../lib/gcc/avr/5.4.0/../../../../avr/lib/avr6\libm.a(divsf3.o)
                              Classes.o (__divsf3)
c:/program files (x86)/atmel/studio/7.0/toolchain/avr8/avr8-gnu-toolchain/bin/../lib/gcc/avr/5.4.0/../../../../avr/lib/avr6\libm.a(divsf3x.o)
                              c:/program files (x86)/atmel/studio/7.0/toolchain/avr8/avr8-gnu-toolchain/bin/../lib/gcc/avr/5.4.0/../../../../avr/lib/avr6\libm.a(divsf3.o) (__divsf3x)
c:/program files (x86)/atmel/studio/7.0/toolchain/avr8/avr8-gnu-toolchain/bin/../lib/gcc/avr/5.4.0/../../../../avr/lib/avr6\libm.a(fixunssfsi.o)
                              Classes.o (__fixunssfsi)
c:/program files (x86)/atmel/studio/7.0/toolchain/avr8/avr8-gnu-toolchain/bin/../lib/gcc/avr/5.4.0/../../../../avr/lib/avr6\libm.a(floatsisf.o)
                              Classes.o (__floatunsisf)
c:/program files (x86)/atmel/studio/7.0/toolchain/avr8/avr8-gnu-toolchain/bin/../lib/gcc/avr/5.4.0/../../../../avr/lib/avr6\libm.a(fp_inf.o)
                              c:/program files (x86)/atmel/studio/7.0/toolchain/avr8/avr8-gnu-toolchain/bin/../lib/gcc/avr/5.4.0/../../../../avr/lib/avr6\libm.a(addsf3x.o) (__fp_inf)
c:/program files (x86)/atmel/studio/7.0/toolchain/avr8/avr8-gnu-toolchain/bin/../lib/gcc/avr/5.4.0/../../../../avr/lib/avr6\libm.a(fp_nan.o)
                              c:/program files (x86)/atmel/studio/7.0/toolchain/avr8/avr8-gnu-toolchain/bin/../lib/gcc/avr/5.4.0/../../../../avr/lib/avr6\libm.a(addsf3x.o) (__fp_nan)
c:/program files (x86)/atmel/studio/7.0/toolchain/avr8/avr8-gnu-toolchain/bin/../lib/gcc/avr/5.4.0/../../../../avr/lib/avr6\libm.a(fp_pscA.o)
                              c:/program files (x86)/atmel/studio/7.0/toolchain/avr8/avr8-gnu-toolchain/bin/../lib/gcc/avr/5.4.0/../../../../avr/lib/avr6\libm.a(addsf3x.o) (__fp_pscA)
c:/program files (x86)/atmel/studio/7.0/toolchain/avr8/avr8-gnu-toolchain/bin/../lib/gcc/avr/5.4.0/../../../../avr/lib/avr6\libm.a(fp_pscB.o)
                              c:/program files (x86)/atmel/studio/7.0/toolchain/avr8/avr8-gnu-toolchain/bin/../lib/gcc/avr/5.4.0/../../../../avr/lib/avr6\libm.a(addsf3x.o) (__fp_pscB)
c:/program files (x86)/atmel/studio/7.0/toolchain/avr8/avr8-gnu-toolchain/bin/../lib/gcc/avr/5.4.0/../../../../avr/lib/avr6\libm.a(fp_round.o)
                              c:/program files (x86)/atmel/studio/7.0/toolchain/avr8/avr8-gnu-toolchain/bin/../lib/gcc/avr/5.4.0/../../../../avr/lib/avr6\libm.a(addsf3.o) (__fp_round)
c:/program files (x86)/atmel/studio/7.0/toolchain/avr8/avr8-gnu-toolchain/bin/../lib/gcc/avr/5.4.0/../../../../avr/lib/avr6\libm.a(fp_split3.o)
                              c:/program files (x86)/atmel/studio/7.0/toolchain/avr8/avr8-gnu-toolchain/bin/../lib/gcc/avr/5.4.0/../../../../avr/lib/avr6\libm.a(addsf3x.o) (__fp_split3)
c:/program files (x86)/atmel/studio/7.0/toolchain/avr8/avr8-gnu-toolchain/bin/../lib/gcc/avr/5.4.0/../../../../avr/lib/avr6\libm.a(fp_zero.o)
                              c:/program files (x86)/atmel/studio/7.0/toolchain/avr8/avr8-gnu-toolchain/bin/../lib/gcc/avr/5.4.0/../../../../avr/lib/avr6\libm.a(addsf3x.o) (__fp_zero)
c:/program files (x86)/atmel/studio/7.0/toolchain/avr8/avr8-gnu-toolchain/bin/../lib/gcc/avr/5.4.0/../../../../avr/lib/avr6\libm.a(mulsf3.o)
                              Classes.o (__mulsf3)
c:/program files (x86)/atmel/studio/7.0/toolchain/avr8/avr8-gnu-toolchain/bin/../lib/gcc/avr/5.4.0/../../../../avr/lib/avr6\libm.a(mulsf3x.o)
                              c:/program files (x86)/atmel/studio/7.0/toolchain/avr8/avr8-gnu-toolchain/bin/../lib/gcc/avr/5.4.0/../../../../avr/lib/avr6\libm.a(mulsf3.o) (__mulsf3x)
D:\Runtime\libRuntime.a(ADConverter.o)
                              main.o (_ZN11ADConverterC1EhhPFjjE)
D:\Runtime\libRuntime.a(DigiPort.o)
                              main.o (_ZN11DigiPortRawC1Ehhh)
D:\Runtime\libRuntime.a(LCD.o)
                              main.o (_ZN3LCD7commandEh)
D:\Runtime\libRuntime.a(OSKernel.o)
                              D:\Runtime\libRuntime.a(DigiPort.o) (_Z5yieldv)
D:\Runtime\libRuntime.a(QuadEncoder.o)
                              main.o (_ZN11QuadEncoderC1Eh)
D:\Runtime\libRuntime.a(Timer.o)
                              main.o (_ZN7Timer16C1EhPFvvES1_S1_S1_)
D:\Runtime\libRuntime.a(Basics.o)
                              D:\Runtime\libRuntime.a(DigiPort.o) (_Z22port_handle_to_addressh)
c:/program files (x86)/atmel/studio/7.0/toolchain/avr8/avr8-gnu-toolchain/bin/../lib/gcc/avr/5.4.0/avr6\libgcc.a(_udivmodhi4.o)
                              D:\Runtime\libRuntime.a(ADConverter.o) (__udivmodhi4)
c:/program files (x86)/atmel/studio/7.0/toolchain/avr8/avr8-gnu-toolchain/bin/../lib/gcc/avr/5.4.0/avr6\libgcc.a(_divmodhi4.o)
                              Classes.o (__divmodhi4)
c:/program files (x86)/atmel/studio/7.0/toolchain/avr8/avr8-gnu-toolchain/bin/../lib/gcc/avr/5.4.0/avr6\libgcc.a(_udivmodsi4.o)
                              D:\Runtime\libRuntime.a(OSKernel.o) (__udivmodsi4)
c:/program files (x86)/atmel/studio/7.0/toolchain/avr8/avr8-gnu-toolchain/bin/../lib/gcc/avr/5.4.0/avr6\libgcc.a(_exit.o)
                              C:/Program Files (x86)/Atmel/Studio/7.0/Packs/atmel/ATmega_DFP/1.6.364/gcc/dev/atmega2560/avr6/crtatmega2560.o (exit)
c:/program files (x86)/atmel/studio/7.0/toolchain/avr8/avr8-gnu-toolchain/bin/../lib/gcc/avr/5.4.0/avr6\libgcc.a(_copy_data.o)
                              Classes.o (__do_copy_data)
c:/program files (x86)/atmel/studio/7.0/toolchain/avr8/avr8-gnu-toolchain/bin/../lib/gcc/avr/5.4.0/avr6\libgcc.a(_clear_bss.o)
                              main.o (__do_clear_bss)
c:/program files (x86)/atmel/studio/7.0/toolchain/avr8/avr8-gnu-toolchain/bin/../lib/gcc/avr/5.4.0/avr6\libgcc.a(_ctors.o)
                              main.o (__do_global_ctors)
c:/program files (x86)/atmel/studio/7.0/toolchain/avr8/avr8-gnu-toolchain/bin/../lib/gcc/avr/5.4.0/avr6\libgcc.a(_tablejump2.o)
                              c:/program files (x86)/atmel/studio/7.0/toolchain/avr8/avr8-gnu-toolchain/bin/../lib/gcc/avr/5.4.0/avr6\libgcc.a(_ctors.o) (__tablejump2__)
C:/Program Files (x86)/Atmel/Studio/7.0/Packs/atmel/ATmega_DFP/1.6.364/gcc/dev/atmega2560/avr6\libatmega2560.a(eerd_byte.o)
                              Classes.o (eeprom_read_byte)
C:/Program Files (x86)/Atmel/Studio/7.0/Packs/atmel/ATmega_DFP/1.6.364/gcc/dev/atmega2560/avr6\libatmega2560.a(eeupd_byte.o)
                              Classes.o (eeprom_update_byte)

Discarded input sections

 .data          0x00000000        0x0 C:/Program Files (x86)/Atmel/Studio/7.0/Packs/atmel/ATmega_DFP/1.6.364/gcc/dev/atmega2560/avr6/crtatmega2560.o
 .bss           0x00000000        0x0 C:/Program Files (x86)/Atmel/Studio/7.0/Packs/atmel/ATmega_DFP/1.6.364/gcc/dev/atmega2560/avr6/crtatmega2560.o
 .group         0x00000000        0x8 Classes.o
 .group         0x00000000        0x8 Classes.o
 .text          0x00000000        0x0 Classes.o
 .data          0x00000000        0x0 Classes.o
 .bss           0x00000000        0x0 Classes.o
 .group         0x00000000        0x8 main.o
 .text          0x00000000        0x0 main.o
 .data          0x00000000        0x0 main.o
 .bss           0x00000000        0x0 main.o
 .rodata.str1.1
                0x00000000       0x4e main.o
 .data.settempalarm
                0x00000000        0x2 main.o
 .data.setalarmhours
                0x00000000        0x2 main.o
 .data.setalarmminutes
                0x00000000        0x2 main.o
 .data.setseconds
                0x00000000        0x2 main.o
 .data.sethours
                0x00000000        0x2 main.o
 .data.setminutes
                0x00000000        0x2 main.o
 .text          0x00000000        0x0 c:/program files (x86)/atmel/studio/7.0/toolchain/avr8/avr8-gnu-toolchain/bin/../lib/gcc/avr/5.4.0/../../../../avr/lib/avr6\libm.a(addsf3.o)
 .data          0x00000000        0x0 c:/program files (x86)/atmel/studio/7.0/toolchain/avr8/avr8-gnu-toolchain/bin/../lib/gcc/avr/5.4.0/../../../../avr/lib/avr6\libm.a(addsf3.o)
 .bss           0x00000000        0x0 c:/program files (x86)/atmel/studio/7.0/toolchain/avr8/avr8-gnu-toolchain/bin/../lib/gcc/avr/5.4.0/../../../../avr/lib/avr6\libm.a(addsf3.o)
 .text          0x00000000        0x0 c:/program files (x86)/atmel/studio/7.0/toolchain/avr8/avr8-gnu-toolchain/bin/../lib/gcc/avr/5.4.0/../../../../avr/lib/avr6\libm.a(addsf3x.o)
 .data          0x00000000        0x0 c:/program files (x86)/atmel/studio/7.0/toolchain/avr8/avr8-gnu-toolchain/bin/../lib/gcc/avr/5.4.0/../../../../avr/lib/avr6\libm.a(addsf3x.o)
 .bss           0x00000000        0x0 c:/program files (x86)/atmel/studio/7.0/toolchain/avr8/avr8-gnu-toolchain/bin/../lib/gcc/avr/5.4.0/../../../../avr/lib/avr6\libm.a(addsf3x.o)
 .text          0x00000000        0x0 c:/program files (x86)/atmel/studio/7.0/toolchain/avr8/avr8-gnu-toolchain/bin/../lib/gcc/avr/5.4.0/../../../../avr/lib/avr6\libm.a(divsf3.o)
 .data          0x00000000        0x0 c:/program files (x86)/atmel/studio/7.0/toolchain/avr8/avr8-gnu-toolchain/bin/../lib/gcc/avr/5.4.0/../../../../avr/lib/avr6\libm.a(divsf3.o)
 .bss           0x00000000        0x0 c:/program files (x86)/atmel/studio/7.0/toolchain/avr8/avr8-gnu-toolchain/bin/../lib/gcc/avr/5.4.0/../../../../avr/lib/avr6\libm.a(divsf3.o)
 .text          0x00000000        0x0 c:/program files (x86)/atmel/studio/7.0/toolchain/avr8/avr8-gnu-toolchain/bin/../lib/gcc/avr/5.4.0/../../../../avr/lib/avr6\libm.a(divsf3x.o)
 .data          0x00000000        0x0 c:/program files (x86)/atmel/studio/7.0/toolchain/avr8/avr8-gnu-toolchain/bin/../lib/gcc/avr/5.4.0/../../../../avr/lib/avr6\libm.a(divsf3x.o)
 .bss           0x00000000        0x0 c:/program files (x86)/atmel/studio/7.0/toolchain/avr8/avr8-gnu-toolchain/bin/../lib/gcc/avr/5.4.0/../../../../avr/lib/avr6\libm.a(divsf3x.o)
 .text          0x00000000        0x0 c:/program files (x86)/atmel/studio/7.0/toolchain/avr8/avr8-gnu-toolchain/bin/../lib/gcc/avr/5.4.0/../../../../avr/lib/avr6\libm.a(fixunssfsi.o)
 .data          0x00000000        0x0 c:/program files (x86)/atmel/studio/7.0/toolchain/avr8/avr8-gnu-toolchain/bin/../lib/gcc/avr/5.4.0/../../../../avr/lib/avr6\libm.a(fixunssfsi.o)
 .bss           0x00000000        0x0 c:/program files (x86)/atmel/studio/7.0/toolchain/avr8/avr8-gnu-toolchain/bin/../lib/gcc/avr/5.4.0/../../../../avr/lib/avr6\libm.a(fixunssfsi.o)
 .text          0x00000000        0x0 c:/program files (x86)/atmel/studio/7.0/toolchain/avr8/avr8-gnu-toolchain/bin/../lib/gcc/avr/5.4.0/../../../../avr/lib/avr6\libm.a(floatsisf.o)
 .data          0x00000000        0x0 c:/program files (x86)/atmel/studio/7.0/toolchain/avr8/avr8-gnu-toolchain/bin/../lib/gcc/avr/5.4.0/../../../../avr/lib/avr6\libm.a(floatsisf.o)
 .bss           0x00000000        0x0 c:/program files (x86)/atmel/studio/7.0/toolchain/avr8/avr8-gnu-toolchain/bin/../lib/gcc/avr/5.4.0/../../../../avr/lib/avr6\libm.a(floatsisf.o)
 .text          0x00000000        0x0 c:/program files (x86)/atmel/studio/7.0/toolchain/avr8/avr8-gnu-toolchain/bin/../lib/gcc/avr/5.4.0/../../../../avr/lib/avr6\libm.a(fp_inf.o)
 .data          0x00000000        0x0 c:/program files (x86)/atmel/studio/7.0/toolchain/avr8/avr8-gnu-toolchain/bin/../lib/gcc/avr/5.4.0/../../../../avr/lib/avr6\libm.a(fp_inf.o)
 .bss           0x00000000        0x0 c:/program files (x86)/atmel/studio/7.0/toolchain/avr8/avr8-gnu-toolchain/bin/../lib/gcc/avr/5.4.0/../../../../avr/lib/avr6\libm.a(fp_inf.o)
 .text          0x00000000        0x0 c:/program files (x86)/atmel/studio/7.0/toolchain/avr8/avr8-gnu-toolchain/bin/../lib/gcc/avr/5.4.0/../../../../avr/lib/avr6\libm.a(fp_nan.o)
 .data          0x00000000        0x0 c:/program files (x86)/atmel/studio/7.0/toolchain/avr8/avr8-gnu-toolchain/bin/../lib/gcc/avr/5.4.0/../../../../avr/lib/avr6\libm.a(fp_nan.o)
 .bss           0x00000000        0x0 c:/program files (x86)/atmel/studio/7.0/toolchain/avr8/avr8-gnu-toolchain/bin/../lib/gcc/avr/5.4.0/../../../../avr/lib/avr6\libm.a(fp_nan.o)
 .text          0x00000000        0x0 c:/program files (x86)/atmel/studio/7.0/toolchain/avr8/avr8-gnu-toolchain/bin/../lib/gcc/avr/5.4.0/../../../../avr/lib/avr6\libm.a(fp_pscA.o)
 .data          0x00000000        0x0 c:/program files (x86)/atmel/studio/7.0/toolchain/avr8/avr8-gnu-toolchain/bin/../lib/gcc/avr/5.4.0/../../../../avr/lib/avr6\libm.a(fp_pscA.o)
 .bss           0x00000000        0x0 c:/program files (x86)/atmel/studio/7.0/toolchain/avr8/avr8-gnu-toolchain/bin/../lib/gcc/avr/5.4.0/../../../../avr/lib/avr6\libm.a(fp_pscA.o)
 .text          0x00000000        0x0 c:/program files (x86)/atmel/studio/7.0/toolchain/avr8/avr8-gnu-toolchain/bin/../lib/gcc/avr/5.4.0/../../../../avr/lib/avr6\libm.a(fp_pscB.o)
 .data          0x00000000        0x0 c:/program files (x86)/atmel/studio/7.0/toolchain/avr8/avr8-gnu-toolchain/bin/../lib/gcc/avr/5.4.0/../../../../avr/lib/avr6\libm.a(fp_pscB.o)
 .bss           0x00000000        0x0 c:/program files (x86)/atmel/studio/7.0/toolchain/avr8/avr8-gnu-toolchain/bin/../lib/gcc/avr/5.4.0/../../../../avr/lib/avr6\libm.a(fp_pscB.o)
 .text          0x00000000        0x0 c:/program files (x86)/atmel/studio/7.0/toolchain/avr8/avr8-gnu-toolchain/bin/../lib/gcc/avr/5.4.0/../../../../avr/lib/avr6\libm.a(fp_round.o)
 .data          0x00000000        0x0 c:/program files (x86)/atmel/studio/7.0/toolchain/avr8/avr8-gnu-toolchain/bin/../lib/gcc/avr/5.4.0/../../../../avr/lib/avr6\libm.a(fp_round.o)
 .bss           0x00000000        0x0 c:/program files (x86)/atmel/studio/7.0/toolchain/avr8/avr8-gnu-toolchain/bin/../lib/gcc/avr/5.4.0/../../../../avr/lib/avr6\libm.a(fp_round.o)
 .text          0x00000000        0x0 c:/program files (x86)/atmel/studio/7.0/toolchain/avr8/avr8-gnu-toolchain/bin/../lib/gcc/avr/5.4.0/../../../../avr/lib/avr6\libm.a(fp_split3.o)
 .data          0x00000000        0x0 c:/program files (x86)/atmel/studio/7.0/toolchain/avr8/avr8-gnu-toolchain/bin/../lib/gcc/avr/5.4.0/../../../../avr/lib/avr6\libm.a(fp_split3.o)
 .bss           0x00000000        0x0 c:/program files (x86)/atmel/studio/7.0/toolchain/avr8/avr8-gnu-toolchain/bin/../lib/gcc/avr/5.4.0/../../../../avr/lib/avr6\libm.a(fp_split3.o)
 .text          0x00000000        0x0 c:/program files (x86)/atmel/studio/7.0/toolchain/avr8/avr8-gnu-toolchain/bin/../lib/gcc/avr/5.4.0/../../../../avr/lib/avr6\libm.a(fp_zero.o)
 .data          0x00000000        0x0 c:/program files (x86)/atmel/studio/7.0/toolchain/avr8/avr8-gnu-toolchain/bin/../lib/gcc/avr/5.4.0/../../../../avr/lib/avr6\libm.a(fp_zero.o)
 .bss           0x00000000        0x0 c:/program files (x86)/atmel/studio/7.0/toolchain/avr8/avr8-gnu-toolchain/bin/../lib/gcc/avr/5.4.0/../../../../avr/lib/avr6\libm.a(fp_zero.o)
 .text          0x00000000        0x0 c:/program files (x86)/atmel/studio/7.0/toolchain/avr8/avr8-gnu-toolchain/bin/../lib/gcc/avr/5.4.0/../../../../avr/lib/avr6\libm.a(mulsf3.o)
 .data          0x00000000        0x0 c:/program files (x86)/atmel/studio/7.0/toolchain/avr8/avr8-gnu-toolchain/bin/../lib/gcc/avr/5.4.0/../../../../avr/lib/avr6\libm.a(mulsf3.o)
 .bss           0x00000000        0x0 c:/program files (x86)/atmel/studio/7.0/toolchain/avr8/avr8-gnu-toolchain/bin/../lib/gcc/avr/5.4.0/../../../../avr/lib/avr6\libm.a(mulsf3.o)
 .text          0x00000000        0x0 c:/program files (x86)/atmel/studio/7.0/toolchain/avr8/avr8-gnu-toolchain/bin/../lib/gcc/avr/5.4.0/../../../../avr/lib/avr6\libm.a(mulsf3x.o)
 .data          0x00000000        0x0 c:/program files (x86)/atmel/studio/7.0/toolchain/avr8/avr8-gnu-toolchain/bin/../lib/gcc/avr/5.4.0/../../../../avr/lib/avr6\libm.a(mulsf3x.o)
 .bss           0x00000000        0x0 c:/program files (x86)/atmel/studio/7.0/toolchain/avr8/avr8-gnu-toolchain/bin/../lib/gcc/avr/5.4.0/../../../../avr/lib/avr6\libm.a(mulsf3x.o)
 .text          0x00000000        0x0 D:\Runtime\libRuntime.a(ADConverter.o)
 .data          0x00000000        0x0 D:\Runtime\libRuntime.a(ADConverter.o)
 .bss           0x00000000        0x0 D:\Runtime\libRuntime.a(ADConverter.o)
 .rodata._ZN11ADConverter4modeE
                0x00000000        0x1 D:\Runtime\libRuntime.a(ADConverter.o)
 .group         0x00000000        0x8 D:\Runtime\libRuntime.a(DigiPort.o)
 .group         0x00000000        0x8 D:\Runtime\libRuntime.a(DigiPort.o)
 .group         0x00000000        0x8 D:\Runtime\libRuntime.a(DigiPort.o)
 .group         0x00000000        0x8 D:\Runtime\libRuntime.a(DigiPort.o)
 .group         0x00000000        0x8 D:\Runtime\libRuntime.a(DigiPort.o)
 .group         0x00000000        0x8 D:\Runtime\libRuntime.a(DigiPort.o)
 .group         0x00000000        0x8 D:\Runtime\libRuntime.a(DigiPort.o)
 .group         0x00000000        0x8 D:\Runtime\libRuntime.a(DigiPort.o)
 .text          0x00000000        0x0 D:\Runtime\libRuntime.a(DigiPort.o)
 .data          0x00000000        0x0 D:\Runtime\libRuntime.a(DigiPort.o)
 .bss           0x00000000        0x0 D:\Runtime\libRuntime.a(DigiPort.o)
 .text._ZN11DigiPortRaw14read_busy_waitEh
                0x00000000       0x2a D:\Runtime\libRuntime.a(DigiPort.o)
 .text          0x00000000        0x0 D:\Runtime\libRuntime.a(LCD.o)
 .data          0x00000000        0x0 D:\Runtime\libRuntime.a(LCD.o)
 .bss           0x00000000        0x0 D:\Runtime\libRuntime.a(LCD.o)
 .text._ZN3LCD16write_FLASH_textEPKch
                0x00000000       0x4a D:\Runtime\libRuntime.a(LCD.o)
 .text._ZN3LCD5clearEv
                0x00000000       0x2c D:\Runtime\libRuntime.a(LCD.o)
 .text._ZN3LCD4homeEv
                0x00000000       0x2c D:\Runtime\libRuntime.a(LCD.o)
 .rodata.str1.1
                0x00000000       0x10 D:\Runtime\libRuntime.a(LCD.o)
 .text._ZN3LCD8describeEv
                0x00000000       0x9e D:\Runtime\libRuntime.a(LCD.o)
 .text._ZN4LCDSC2Eh10LCD_Type_th
                0x00000000       0x4a D:\Runtime\libRuntime.a(LCD.o)
 .text._ZN4LCDS5clearEv
                0x00000000       0x32 D:\Runtime\libRuntime.a(LCD.o)
 .text._ZN4LCDS7refreshEv
                0x00000000       0xb0 D:\Runtime\libRuntime.a(LCD.o)
 .text._ZN4LCDS14buffer_roll_upEv
                0x00000000       0xc2 D:\Runtime\libRuntime.a(LCD.o)
 .text._ZN4LCDS10write_charEc
                0x00000000       0xb0 D:\Runtime\libRuntime.a(LCD.o)
 .text._ZN4LCDS15write_SRAM_textEPKch
                0x00000000       0x46 D:\Runtime\libRuntime.a(LCD.o)
 .text._ZN4LCDS16write_FLASH_textEPKch
                0x00000000       0x4a D:\Runtime\libRuntime.a(LCD.o)
 .text._ZN4LCDS9scroll_upEh
                0x00000000       0x20 D:\Runtime\libRuntime.a(LCD.o)
 .text._ZN4LCDS11scroll_downEh
                0x00000000       0x4e D:\Runtime\libRuntime.a(LCD.o)
 .text          0x00000000        0x0 D:\Runtime\libRuntime.a(OSKernel.o)
 .data          0x00000000        0x0 D:\Runtime\libRuntime.a(OSKernel.o)
 .bss           0x00000000        0x0 D:\Runtime\libRuntime.a(OSKernel.o)
 .text._ZL4idlev
                0x00000000       0x18 D:\Runtime\libRuntime.a(OSKernel.o)
 .text._Z11task_insertPFvvE8Priority
                0x00000000       0xd6 D:\Runtime\libRuntime.a(OSKernel.o)
 .text._Z8activateh
                0x00000000       0x48 D:\Runtime\libRuntime.a(OSKernel.o)
 .text._Z9is_activeh
                0x00000000       0x2a D:\Runtime\libRuntime.a(OSKernel.o)
 .text._Z10elapsed_msh
                0x00000000       0x3c D:\Runtime\libRuntime.a(OSKernel.o)
 .text._Z6kernel14SchedulingTypePFvhE
                0x00000000       0x2c D:\Runtime\libRuntime.a(OSKernel.o)
 .text._Z11stop_kernelh
                0x00000000       0x1e D:\Runtime\libRuntime.a(OSKernel.o)
 .text._Z10deactivateh
                0x00000000       0x52 D:\Runtime\libRuntime.a(OSKernel.o)
 .text._Z15current_task_idv
                0x00000000        0x6 D:\Runtime\libRuntime.a(OSKernel.o)
 .text._Z13task_set_prio8Priority
                0x00000000       0x1c D:\Runtime\libRuntime.a(OSKernel.o)
 .text._Z8sem_waith
                0x00000000       0x70 D:\Runtime\libRuntime.a(OSKernel.o)
 .bss._ZL22sem_waiting_free_index
                0x00000000        0x1 D:\Runtime\libRuntime.a(OSKernel.o)
 .bss._ZL8exitproc
                0x00000000        0x2 D:\Runtime\libRuntime.a(OSKernel.o)
 .group         0x00000000        0x8 D:\Runtime\libRuntime.a(QuadEncoder.o)
 .group         0x00000000        0x8 D:\Runtime\libRuntime.a(QuadEncoder.o)
 .group         0x00000000        0x8 D:\Runtime\libRuntime.a(QuadEncoder.o)
 .group         0x00000000        0x8 D:\Runtime\libRuntime.a(QuadEncoder.o)
 .group         0x00000000        0x8 D:\Runtime\libRuntime.a(QuadEncoder.o)
 .group         0x00000000        0x8 D:\Runtime\libRuntime.a(QuadEncoder.o)
 .text          0x00000000        0x0 D:\Runtime\libRuntime.a(QuadEncoder.o)
 .data          0x00000000        0x0 D:\Runtime\libRuntime.a(QuadEncoder.o)
 .bss           0x00000000        0x0 D:\Runtime\libRuntime.a(QuadEncoder.o)
 .text._ZN11DigiPortRaw5writeEh
                0x00000000       0x26 D:\Runtime\libRuntime.a(QuadEncoder.o)
 .text._ZN11DigiPortRaw8read_rawEh
                0x00000000       0x2e D:\Runtime\libRuntime.a(QuadEncoder.o)
 .group         0x00000000        0x8 D:\Runtime\libRuntime.a(Timer.o)
 .group         0x00000000        0x8 D:\Runtime\libRuntime.a(Timer.o)
 .group         0x00000000        0x8 D:\Runtime\libRuntime.a(Timer.o)
 .group         0x00000000        0x8 D:\Runtime\libRuntime.a(Timer.o)
 .group         0x00000000        0x8 D:\Runtime\libRuntime.a(Timer.o)
 .group         0x00000000        0x8 D:\Runtime\libRuntime.a(Timer.o)
 .group         0x00000000        0x8 D:\Runtime\libRuntime.a(Timer.o)
 .group         0x00000000        0x8 D:\Runtime\libRuntime.a(Timer.o)
 .group         0x00000000        0x8 D:\Runtime\libRuntime.a(Timer.o)
 .group         0x00000000        0x8 D:\Runtime\libRuntime.a(Timer.o)
 .group         0x00000000        0x8 D:\Runtime\libRuntime.a(Timer.o)
 .group         0x00000000        0x8 D:\Runtime\libRuntime.a(Timer.o)
 .group         0x00000000        0x8 D:\Runtime\libRuntime.a(Timer.o)
 .group         0x00000000        0x8 D:\Runtime\libRuntime.a(Timer.o)
 .group         0x00000000        0x8 D:\Runtime\libRuntime.a(Timer.o)
 .text          0x00000000        0x0 D:\Runtime\libRuntime.a(Timer.o)
 .data          0x00000000        0x0 D:\Runtime\libRuntime.a(Timer.o)
 .bss           0x00000000        0x0 D:\Runtime\libRuntime.a(Timer.o)
 .text._ZN7Timer168start_usEjjjjh
                0x00000000      0x144 D:\Runtime\libRuntime.a(Timer.o)
 .text._ZN6Timer88start_msEjjjh
                0x00000000       0xe6 D:\Runtime\libRuntime.a(Timer.o)
 .text._ZN6Timer88start_usEjjjh
                0x00000000       0xc6 D:\Runtime\libRuntime.a(Timer.o)
 .text._ZN7OSTimer5startEj
                0x00000000       0x6e D:\Runtime\libRuntime.a(Timer.o)
 .text          0x00000000        0x0 D:\Runtime\libRuntime.a(Basics.o)
 .data          0x00000000        0x0 D:\Runtime\libRuntime.a(Basics.o)
 .bss           0x00000000        0x0 D:\Runtime\libRuntime.a(Basics.o)
 .text          0x00000000        0x0 c:/program files (x86)/atmel/studio/7.0/toolchain/avr8/avr8-gnu-toolchain/bin/../lib/gcc/avr/5.4.0/avr6\libgcc.a(_udivmodhi4.o)
 .data          0x00000000        0x0 c:/program files (x86)/atmel/studio/7.0/toolchain/avr8/avr8-gnu-toolchain/bin/../lib/gcc/avr/5.4.0/avr6\libgcc.a(_udivmodhi4.o)
 .bss           0x00000000        0x0 c:/program files (x86)/atmel/studio/7.0/toolchain/avr8/avr8-gnu-toolchain/bin/../lib/gcc/avr/5.4.0/avr6\libgcc.a(_udivmodhi4.o)
 .text.libgcc.mul
                0x00000000        0x0 c:/program files (x86)/atmel/studio/7.0/toolchain/avr8/avr8-gnu-toolchain/bin/../lib/gcc/avr/5.4.0/avr6\libgcc.a(_udivmodhi4.o)
 .text.libgcc   0x00000000        0x0 c:/program files (x86)/atmel/studio/7.0/toolchain/avr8/avr8-gnu-toolchain/bin/../lib/gcc/avr/5.4.0/avr6\libgcc.a(_udivmodhi4.o)
 .text.libgcc.prologue
                0x00000000        0x0 c:/program files (x86)/atmel/studio/7.0/toolchain/avr8/avr8-gnu-toolchain/bin/../lib/gcc/avr/5.4.0/avr6\libgcc.a(_udivmodhi4.o)
 .text.libgcc.builtins
                0x00000000        0x0 c:/program files (x86)/atmel/studio/7.0/toolchain/avr8/avr8-gnu-toolchain/bin/../lib/gcc/avr/5.4.0/avr6\libgcc.a(_udivmodhi4.o)
 .text.libgcc.fmul
                0x00000000        0x0 c:/program files (x86)/atmel/studio/7.0/toolchain/avr8/avr8-gnu-toolchain/bin/../lib/gcc/avr/5.4.0/avr6\libgcc.a(_udivmodhi4.o)
 .text.libgcc.fixed
                0x00000000        0x0 c:/program files (x86)/atmel/studio/7.0/toolchain/avr8/avr8-gnu-toolchain/bin/../lib/gcc/avr/5.4.0/avr6\libgcc.a(_udivmodhi4.o)
 .text          0x00000000        0x0 c:/program files (x86)/atmel/studio/7.0/toolchain/avr8/avr8-gnu-toolchain/bin/../lib/gcc/avr/5.4.0/avr6\libgcc.a(_divmodhi4.o)
 .data          0x00000000        0x0 c:/program files (x86)/atmel/studio/7.0/toolchain/avr8/avr8-gnu-toolchain/bin/../lib/gcc/avr/5.4.0/avr6\libgcc.a(_divmodhi4.o)
 .bss           0x00000000        0x0 c:/program files (x86)/atmel/studio/7.0/toolchain/avr8/avr8-gnu-toolchain/bin/../lib/gcc/avr/5.4.0/avr6\libgcc.a(_divmodhi4.o)
 .text.libgcc.mul
                0x00000000        0x0 c:/program files (x86)/atmel/studio/7.0/toolchain/avr8/avr8-gnu-toolchain/bin/../lib/gcc/avr/5.4.0/avr6\libgcc.a(_divmodhi4.o)
 .text.libgcc   0x00000000        0x0 c:/program files (x86)/atmel/studio/7.0/toolchain/avr8/avr8-gnu-toolchain/bin/../lib/gcc/avr/5.4.0/avr6\libgcc.a(_divmodhi4.o)
 .text.libgcc.prologue
                0x00000000        0x0 c:/program files (x86)/atmel/studio/7.0/toolchain/avr8/avr8-gnu-toolchain/bin/../lib/gcc/avr/5.4.0/avr6\libgcc.a(_divmodhi4.o)
 .text.libgcc.builtins
                0x00000000        0x0 c:/program files (x86)/atmel/studio/7.0/toolchain/avr8/avr8-gnu-toolchain/bin/../lib/gcc/avr/5.4.0/avr6\libgcc.a(_divmodhi4.o)
 .text.libgcc.fmul
                0x00000000        0x0 c:/program files (x86)/atmel/studio/7.0/toolchain/avr8/avr8-gnu-toolchain/bin/../lib/gcc/avr/5.4.0/avr6\libgcc.a(_divmodhi4.o)
 .text.libgcc.fixed
                0x00000000        0x0 c:/program files (x86)/atmel/studio/7.0/toolchain/avr8/avr8-gnu-toolchain/bin/../lib/gcc/avr/5.4.0/avr6\libgcc.a(_divmodhi4.o)
 .text          0x00000000        0x0 c:/program files (x86)/atmel/studio/7.0/toolchain/avr8/avr8-gnu-toolchain/bin/../lib/gcc/avr/5.4.0/avr6\libgcc.a(_udivmodsi4.o)
 .data          0x00000000        0x0 c:/program files (x86)/atmel/studio/7.0/toolchain/avr8/avr8-gnu-toolchain/bin/../lib/gcc/avr/5.4.0/avr6\libgcc.a(_udivmodsi4.o)
 .bss           0x00000000        0x0 c:/program files (x86)/atmel/studio/7.0/toolchain/avr8/avr8-gnu-toolchain/bin/../lib/gcc/avr/5.4.0/avr6\libgcc.a(_udivmodsi4.o)
 .text.libgcc.mul
                0x00000000        0x0 c:/program files (x86)/atmel/studio/7.0/toolchain/avr8/avr8-gnu-toolchain/bin/../lib/gcc/avr/5.4.0/avr6\libgcc.a(_udivmodsi4.o)
 .text.libgcc.div
                0x00000000       0x44 c:/program files (x86)/atmel/studio/7.0/toolchain/avr8/avr8-gnu-toolchain/bin/../lib/gcc/avr/5.4.0/avr6\libgcc.a(_udivmodsi4.o)
 .text.libgcc   0x00000000        0x0 c:/program files (x86)/atmel/studio/7.0/toolchain/avr8/avr8-gnu-toolchain/bin/../lib/gcc/avr/5.4.0/avr6\libgcc.a(_udivmodsi4.o)
 .text.libgcc.prologue
                0x00000000        0x0 c:/program files (x86)/atmel/studio/7.0/toolchain/avr8/avr8-gnu-toolchain/bin/../lib/gcc/avr/5.4.0/avr6\libgcc.a(_udivmodsi4.o)
 .text.libgcc.builtins
                0x00000000        0x0 c:/program files (x86)/atmel/studio/7.0/toolchain/avr8/avr8-gnu-toolchain/bin/../lib/gcc/avr/5.4.0/avr6\libgcc.a(_udivmodsi4.o)
 .text.libgcc.fmul
                0x00000000        0x0 c:/program files (x86)/atmel/studio/7.0/toolchain/avr8/avr8-gnu-toolchain/bin/../lib/gcc/avr/5.4.0/avr6\libgcc.a(_udivmodsi4.o)
 .text.libgcc.fixed
                0x00000000        0x0 c:/program files (x86)/atmel/studio/7.0/toolchain/avr8/avr8-gnu-toolchain/bin/../lib/gcc/avr/5.4.0/avr6\libgcc.a(_udivmodsi4.o)
 .text          0x00000000        0x0 c:/program files (x86)/atmel/studio/7.0/toolchain/avr8/avr8-gnu-toolchain/bin/../lib/gcc/avr/5.4.0/avr6\libgcc.a(_exit.o)
 .data          0x00000000        0x0 c:/program files (x86)/atmel/studio/7.0/toolchain/avr8/avr8-gnu-toolchain/bin/../lib/gcc/avr/5.4.0/avr6\libgcc.a(_exit.o)
 .bss           0x00000000        0x0 c:/program files (x86)/atmel/studio/7.0/toolchain/avr8/avr8-gnu-toolchain/bin/../lib/gcc/avr/5.4.0/avr6\libgcc.a(_exit.o)
 .text.libgcc.mul
                0x00000000        0x0 c:/program files (x86)/atmel/studio/7.0/toolchain/avr8/avr8-gnu-toolchain/bin/../lib/gcc/avr/5.4.0/avr6\libgcc.a(_exit.o)
 .text.libgcc.div
                0x00000000        0x0 c:/program files (x86)/atmel/studio/7.0/toolchain/avr8/avr8-gnu-toolchain/bin/../lib/gcc/avr/5.4.0/avr6\libgcc.a(_exit.o)
 .text.libgcc   0x00000000        0x0 c:/program files (x86)/atmel/studio/7.0/toolchain/avr8/avr8-gnu-toolchain/bin/../lib/gcc/avr/5.4.0/avr6\libgcc.a(_exit.o)
 .text.libgcc.prologue
                0x00000000        0x0 c:/program files (x86)/atmel/studio/7.0/toolchain/avr8/avr8-gnu-toolchain/bin/../lib/gcc/avr/5.4.0/avr6\libgcc.a(_exit.o)
 .text.libgcc.builtins
                0x00000000        0x0 c:/program files (x86)/atmel/studio/7.0/toolchain/avr8/avr8-gnu-toolchain/bin/../lib/gcc/avr/5.4.0/avr6\libgcc.a(_exit.o)
 .text.libgcc.fmul
                0x00000000        0x0 c:/program files (x86)/atmel/studio/7.0/toolchain/avr8/avr8-gnu-toolchain/bin/../lib/gcc/avr/5.4.0/avr6\libgcc.a(_exit.o)
 .text.libgcc.fixed
                0x00000000        0x0 c:/program files (x86)/atmel/studio/7.0/toolchain/avr8/avr8-gnu-toolchain/bin/../lib/gcc/avr/5.4.0/avr6\libgcc.a(_exit.o)
 .text          0x00000000        0x0 c:/program files (x86)/atmel/studio/7.0/toolchain/avr8/avr8-gnu-toolchain/bin/../lib/gcc/avr/5.4.0/avr6\libgcc.a(_copy_data.o)
 .data          0x00000000        0x0 c:/program files (x86)/atmel/studio/7.0/toolchain/avr8/avr8-gnu-toolchain/bin/../lib/gcc/avr/5.4.0/avr6\libgcc.a(_copy_data.o)
 .bss           0x00000000        0x0 c:/program files (x86)/atmel/studio/7.0/toolchain/avr8/avr8-gnu-toolchain/bin/../lib/gcc/avr/5.4.0/avr6\libgcc.a(_copy_data.o)
 .text.libgcc.mul
                0x00000000        0x0 c:/program files (x86)/atmel/studio/7.0/toolchain/avr8/avr8-gnu-toolchain/bin/../lib/gcc/avr/5.4.0/avr6\libgcc.a(_copy_data.o)
 .text.libgcc.div
                0x00000000        0x0 c:/program files (x86)/atmel/studio/7.0/toolchain/avr8/avr8-gnu-toolchain/bin/../lib/gcc/avr/5.4.0/avr6\libgcc.a(_copy_data.o)
 .text.libgcc   0x00000000        0x0 c:/program files (x86)/atmel/studio/7.0/toolchain/avr8/avr8-gnu-toolchain/bin/../lib/gcc/avr/5.4.0/avr6\libgcc.a(_copy_data.o)
 .text.libgcc.prologue
                0x00000000        0x0 c:/program files (x86)/atmel/studio/7.0/toolchain/avr8/avr8-gnu-toolchain/bin/../lib/gcc/avr/5.4.0/avr6\libgcc.a(_copy_data.o)
 .text.libgcc.builtins
                0x00000000        0x0 c:/program files (x86)/atmel/studio/7.0/toolchain/avr8/avr8-gnu-toolchain/bin/../lib/gcc/avr/5.4.0/avr6\libgcc.a(_copy_data.o)
 .text.libgcc.fmul
                0x00000000        0x0 c:/program files (x86)/atmel/studio/7.0/toolchain/avr8/avr8-gnu-toolchain/bin/../lib/gcc/avr/5.4.0/avr6\libgcc.a(_copy_data.o)
 .text.libgcc.fixed
                0x00000000        0x0 c:/program files (x86)/atmel/studio/7.0/toolchain/avr8/avr8-gnu-toolchain/bin/../lib/gcc/avr/5.4.0/avr6\libgcc.a(_copy_data.o)
 .text          0x00000000        0x0 c:/program files (x86)/atmel/studio/7.0/toolchain/avr8/avr8-gnu-toolchain/bin/../lib/gcc/avr/5.4.0/avr6\libgcc.a(_clear_bss.o)
 .data          0x00000000        0x0 c:/program files (x86)/atmel/studio/7.0/toolchain/avr8/avr8-gnu-toolchain/bin/../lib/gcc/avr/5.4.0/avr6\libgcc.a(_clear_bss.o)
 .bss           0x00000000        0x0 c:/program files (x86)/atmel/studio/7.0/toolchain/avr8/avr8-gnu-toolchain/bin/../lib/gcc/avr/5.4.0/avr6\libgcc.a(_clear_bss.o)
 .text.libgcc.mul
                0x00000000        0x0 c:/program files (x86)/atmel/studio/7.0/toolchain/avr8/avr8-gnu-toolchain/bin/../lib/gcc/avr/5.4.0/avr6\libgcc.a(_clear_bss.o)
 .text.libgcc.div
                0x00000000        0x0 c:/program files (x86)/atmel/studio/7.0/toolchain/avr8/avr8-gnu-toolchain/bin/../lib/gcc/avr/5.4.0/avr6\libgcc.a(_clear_bss.o)
 .text.libgcc   0x00000000        0x0 c:/program files (x86)/atmel/studio/7.0/toolchain/avr8/avr8-gnu-toolchain/bin/../lib/gcc/avr/5.4.0/avr6\libgcc.a(_clear_bss.o)
 .text.libgcc.prologue
                0x00000000        0x0 c:/program files (x86)/atmel/studio/7.0/toolchain/avr8/avr8-gnu-toolchain/bin/../lib/gcc/avr/5.4.0/avr6\libgcc.a(_clear_bss.o)
 .text.libgcc.builtins
                0x00000000        0x0 c:/program files (x86)/atmel/studio/7.0/toolchain/avr8/avr8-gnu-toolchain/bin/../lib/gcc/avr/5.4.0/avr6\libgcc.a(_clear_bss.o)
 .text.libgcc.fmul
                0x00000000        0x0 c:/program files (x86)/atmel/studio/7.0/toolchain/avr8/avr8-gnu-toolchain/bin/../lib/gcc/avr/5.4.0/avr6\libgcc.a(_clear_bss.o)
 .text.libgcc.fixed
                0x00000000        0x0 c:/program files (x86)/atmel/studio/7.0/toolchain/avr8/avr8-gnu-toolchain/bin/../lib/gcc/avr/5.4.0/avr6\libgcc.a(_clear_bss.o)
 .text          0x00000000        0x0 c:/program files (x86)/atmel/studio/7.0/toolchain/avr8/avr8-gnu-toolchain/bin/../lib/gcc/avr/5.4.0/avr6\libgcc.a(_ctors.o)
 .data          0x00000000        0x0 c:/program files (x86)/atmel/studio/7.0/toolchain/avr8/avr8-gnu-toolchain/bin/../lib/gcc/avr/5.4.0/avr6\libgcc.a(_ctors.o)
 .bss           0x00000000        0x0 c:/program files (x86)/atmel/studio/7.0/toolchain/avr8/avr8-gnu-toolchain/bin/../lib/gcc/avr/5.4.0/avr6\libgcc.a(_ctors.o)
 .text.libgcc.mul
                0x00000000        0x0 c:/program files (x86)/atmel/studio/7.0/toolchain/avr8/avr8-gnu-toolchain/bin/../lib/gcc/avr/5.4.0/avr6\libgcc.a(_ctors.o)
 .text.libgcc.div
                0x00000000        0x0 c:/program files (x86)/atmel/studio/7.0/toolchain/avr8/avr8-gnu-toolchain/bin/../lib/gcc/avr/5.4.0/avr6\libgcc.a(_ctors.o)
 .text.libgcc   0x00000000        0x0 c:/program files (x86)/atmel/studio/7.0/toolchain/avr8/avr8-gnu-toolchain/bin/../lib/gcc/avr/5.4.0/avr6\libgcc.a(_ctors.o)
 .text.libgcc.prologue
                0x00000000        0x0 c:/program files (x86)/atmel/studio/7.0/toolchain/avr8/avr8-gnu-toolchain/bin/../lib/gcc/avr/5.4.0/avr6\libgcc.a(_ctors.o)
 .text.libgcc.builtins
                0x00000000        0x0 c:/program files (x86)/atmel/studio/7.0/toolchain/avr8/avr8-gnu-toolchain/bin/../lib/gcc/avr/5.4.0/avr6\libgcc.a(_ctors.o)
 .text.libgcc.fmul
                0x00000000        0x0 c:/program files (x86)/atmel/studio/7.0/toolchain/avr8/avr8-gnu-toolchain/bin/../lib/gcc/avr/5.4.0/avr6\libgcc.a(_ctors.o)
 .text.libgcc.fixed
                0x00000000        0x0 c:/program files (x86)/atmel/studio/7.0/toolchain/avr8/avr8-gnu-toolchain/bin/../lib/gcc/avr/5.4.0/avr6\libgcc.a(_ctors.o)
 .text          0x00000000        0x0 c:/program files (x86)/atmel/studio/7.0/toolchain/avr8/avr8-gnu-toolchain/bin/../lib/gcc/avr/5.4.0/avr6\libgcc.a(_tablejump2.o)
 .data          0x00000000        0x0 c:/program files (x86)/atmel/studio/7.0/toolchain/avr8/avr8-gnu-toolchain/bin/../lib/gcc/avr/5.4.0/avr6\libgcc.a(_tablejump2.o)
 .bss           0x00000000        0x0 c:/program files (x86)/atmel/studio/7.0/toolchain/avr8/avr8-gnu-toolchain/bin/../lib/gcc/avr/5.4.0/avr6\libgcc.a(_tablejump2.o)
 .text.libgcc.mul
                0x00000000        0x0 c:/program files (x86)/atmel/studio/7.0/toolchain/avr8/avr8-gnu-toolchain/bin/../lib/gcc/avr/5.4.0/avr6\libgcc.a(_tablejump2.o)
 .text.libgcc.div
                0x00000000        0x0 c:/program files (x86)/atmel/studio/7.0/toolchain/avr8/avr8-gnu-toolchain/bin/../lib/gcc/avr/5.4.0/avr6\libgcc.a(_tablejump2.o)
 .text.libgcc.prologue
                0x00000000        0x0 c:/program files (x86)/atmel/studio/7.0/toolchain/avr8/avr8-gnu-toolchain/bin/../lib/gcc/avr/5.4.0/avr6\libgcc.a(_tablejump2.o)
 .text.libgcc.builtins
                0x00000000        0x0 c:/program files (x86)/atmel/studio/7.0/toolchain/avr8/avr8-gnu-toolchain/bin/../lib/gcc/avr/5.4.0/avr6\libgcc.a(_tablejump2.o)
 .text.libgcc.fmul
                0x00000000        0x0 c:/program files (x86)/atmel/studio/7.0/toolchain/avr8/avr8-gnu-toolchain/bin/../lib/gcc/avr/5.4.0/avr6\libgcc.a(_tablejump2.o)
 .text.libgcc.fixed
                0x00000000        0x0 c:/program files (x86)/atmel/studio/7.0/toolchain/avr8/avr8-gnu-toolchain/bin/../lib/gcc/avr/5.4.0/avr6\libgcc.a(_tablejump2.o)
 .text          0x00000000        0x0 C:/Program Files (x86)/Atmel/Studio/7.0/Packs/atmel/ATmega_DFP/1.6.364/gcc/dev/atmega2560/avr6\libatmega2560.a(eerd_byte.o)
 .data          0x00000000        0x0 C:/Program Files (x86)/Atmel/Studio/7.0/Packs/atmel/ATmega_DFP/1.6.364/gcc/dev/atmega2560/avr6\libatmega2560.a(eerd_byte.o)
 .bss           0x00000000        0x0 C:/Program Files (x86)/Atmel/Studio/7.0/Packs/atmel/ATmega_DFP/1.6.364/gcc/dev/atmega2560/avr6\libatmega2560.a(eerd_byte.o)
 .text          0x00000000        0x0 C:/Program Files (x86)/Atmel/Studio/7.0/Packs/atmel/ATmega_DFP/1.6.364/gcc/dev/atmega2560/avr6\libatmega2560.a(eeupd_byte.o)
 .data          0x00000000        0x0 C:/Program Files (x86)/Atmel/Studio/7.0/Packs/atmel/ATmega_DFP/1.6.364/gcc/dev/atmega2560/avr6\libatmega2560.a(eeupd_byte.o)
 .bss           0x00000000        0x0 C:/Program Files (x86)/Atmel/Studio/7.0/Packs/atmel/ATmega_DFP/1.6.364/gcc/dev/atmega2560/avr6\libatmega2560.a(eeupd_byte.o)

Memory Configuration

Name             Origin             Length             Attributes
text             0x00000000         0x00040000         xr
data             0x00800200         0x00002000         rw !x
eeprom           0x00810000         0x00001000         rw !x
fuse             0x00820000         0x00000003         rw !x
lock             0x00830000         0x00000400         rw !x
signature        0x00840000         0x00000400         rw !x
user_signatures  0x00850000         0x00000400         rw !x
*default*        0x00000000         0xffffffff

Linker script and memory map

Address of section .data set to 0x800200
LOAD C:/Program Files (x86)/Atmel/Studio/7.0/Packs/atmel/ATmega_DFP/1.6.364/gcc/dev/atmega2560/avr6/crtatmega2560.o
LOAD Classes.o
LOAD main.o
START GROUP
LOAD c:/program files (x86)/atmel/studio/7.0/toolchain/avr8/avr8-gnu-toolchain/bin/../lib/gcc/avr/5.4.0/../../../../avr/lib/avr6\libm.a
LOAD D:\Runtime\libRuntime.a
END GROUP
LOAD c:/program files (x86)/atmel/studio/7.0/toolchain/avr8/avr8-gnu-toolchain/bin/../lib/gcc/avr/5.4.0/avr6\libgcc.a
LOAD c:/program files (x86)/atmel/studio/7.0/toolchain/avr8/avr8-gnu-toolchain/bin/../lib/gcc/avr/5.4.0/../../../../avr/lib/avr6\libm.a
START GROUP
LOAD c:/program files (x86)/atmel/studio/7.0/toolchain/avr8/avr8-gnu-toolchain/bin/../lib/gcc/avr/5.4.0/avr6\libgcc.a
LOAD c:/program files (x86)/atmel/studio/7.0/toolchain/avr8/avr8-gnu-toolchain/bin/../lib/gcc/avr/5.4.0/../../../../avr/lib/avr6\libm.a
LOAD c:/program files (x86)/atmel/studio/7.0/toolchain/avr8/avr8-gnu-toolchain/bin/../lib/gcc/avr/5.4.0/../../../../avr/lib/avr6\libc.a
LOAD C:/Program Files (x86)/Atmel/Studio/7.0/Packs/atmel/ATmega_DFP/1.6.364/gcc/dev/atmega2560/avr6\libatmega2560.a
END GROUP
                0x00000000                __TEXT_REGION_ORIGIN__ = DEFINED (__TEXT_REGION_ORIGIN__)?__TEXT_REGION_ORIGIN__:0x0
                [0x00800200]                __DATA_REGION_ORIGIN__ = DEFINED (__DATA_REGION_ORIGIN__)?__DATA_REGION_ORIGIN__:0x800200
                [0x00040000]                __TEXT_REGION_LENGTH__ = DEFINED (__TEXT_REGION_LENGTH__)?__TEXT_REGION_LENGTH__:0x100000
                [0x00002000]                __DATA_REGION_LENGTH__ = DEFINED (__DATA_REGION_LENGTH__)?__DATA_REGION_LENGTH__:0xfe00
                [0x00001000]                __EEPROM_REGION_LENGTH__ = DEFINED (__EEPROM_REGION_LENGTH__)?__EEPROM_REGION_LENGTH__:0x10000
                [0x00000003]                __FUSE_REGION_LENGTH__ = DEFINED (__FUSE_REGION_LENGTH__)?__FUSE_REGION_LENGTH__:0x400
                0x00000400                __LOCK_REGION_LENGTH__ = DEFINED (__LOCK_REGION_LENGTH__)?__LOCK_REGION_LENGTH__:0x400
                0x00000400                __SIGNATURE_REGION_LENGTH__ = DEFINED (__SIGNATURE_REGION_LENGTH__)?__SIGNATURE_REGION_LENGTH__:0x400
                0x00000400                __USER_SIGNATURE_REGION_LENGTH__ = DEFINED (__USER_SIGNATURE_REGION_LENGTH__)?__USER_SIGNATURE_REGION_LENGTH__:0x400

.hash
 *(.hash)

.dynsym
 *(.dynsym)

.dynstr
 *(.dynstr)

.gnu.version
 *(.gnu.version)

.gnu.version_d
 *(.gnu.version_d)

.gnu.version_r
 *(.gnu.version_r)

.rel.init
 *(.rel.init)

.rela.init
 *(.rela.init)

.rel.text
 *(.rel.text)
 *(.rel.text.*)
 *(.rel.gnu.linkonce.t*)

.rela.text
 *(.rela.text)
 *(.rela.text.*)
 *(.rela.gnu.linkonce.t*)

.rel.fini
 *(.rel.fini)

.rela.fini
 *(.rela.fini)

.rel.rodata
 *(.rel.rodata)
 *(.rel.rodata.*)
 *(.rel.gnu.linkonce.r*)

.rela.rodata
 *(.rela.rodata)
 *(.rela.rodata.*)
 *(.rela.gnu.linkonce.r*)

.rel.data
 *(.rel.data)
 *(.rel.data.*)
 *(.rel.gnu.linkonce.d*)

.rela.data
 *(.rela.data)
 *(.rela.data.*)
 *(.rela.gnu.linkonce.d*)

.rel.ctors
 *(.rel.ctors)

.rela.ctors
 *(.rela.ctors)

.rel.dtors
 *(.rel.dtors)

.rela.dtors
 *(.rela.dtors)

.rel.got
 *(.rel.got)

.rela.got
 *(.rela.got)

.rel.bss
 *(.rel.bss)

.rela.bss
 *(.rela.bss)

.rel.plt
 *(.rel.plt)

.rela.plt
 *(.rela.plt)

.text           0x00000000     0x3088
 *(.vectors)
 .vectors       0x00000000       0xe4 C:/Program Files (x86)/Atmel/Studio/7.0/Packs/atmel/ATmega_DFP/1.6.364/gcc/dev/atmega2560/avr6/crtatmega2560.o
                0x00000000                __vector_default
                0x00000000                __vectors
 *(.vectors)
 *(.progmem.gcc*)
                0x000000e4                . = ALIGN (0x2)
                0x000000e4                __trampolines_start = .
 *(.trampolines)
 .trampolines   0x000000e4        0x0 linker stubs
 *(.trampolines*)
                0x000000e4                __trampolines_end = .
 *libprintf_flt.a:*(.progmem.data)
 *libc.a:*(.progmem.data)
 *(.progmem*)
                0x000000e4                . = ALIGN (0x2)
 *(.jumptables)
 *(.jumptables*)
 *(.lowtext)
 *(.lowtext*)
                0x000000e4                __ctors_start = .
 *(.ctors)
 .ctors         0x000000e4        0x2 main.o
 .ctors         0x000000e6        0x2 D:\Runtime\libRuntime.a(OSKernel.o)
                0x000000e8                __ctors_end = .
                0x000000e8                __dtors_start = .
 *(.dtors)
                0x000000e8                __dtors_end = .
 SORT(*)(.ctors)
 SORT(*)(.dtors)
 *(.init0)
 .init0         0x000000e8        0x0 C:/Program Files (x86)/Atmel/Studio/7.0/Packs/atmel/ATmega_DFP/1.6.364/gcc/dev/atmega2560/avr6/crtatmega2560.o
                0x000000e8                __init
 .init0         0x000000e8       0x18 Classes.o
 .init0         0x00000100       0x18 main.o
 .init0         0x00000118       0x18 D:\Runtime\libRuntime.a(DigiPort.o)
 .init0         0x00000130       0x18 D:\Runtime\libRuntime.a(LCD.o)
 .init0         0x00000148       0x18 D:\Runtime\libRuntime.a(OSKernel.o)
 .init0         0x00000160       0x18 D:\Runtime\libRuntime.a(QuadEncoder.o)
 .init0         0x00000178       0x18 D:\Runtime\libRuntime.a(Timer.o)
 .init0         0x00000190       0x18 D:\Runtime\libRuntime.a(Basics.o)
 *(.init0)
 *(.init1)
 *(.init1)
 *(.init2)
 .init2         0x000001a8       0x10 C:/Program Files (x86)/Atmel/Studio/7.0/Packs/atmel/ATmega_DFP/1.6.364/gcc/dev/atmega2560/avr6/crtatmega2560.o
 *(.init2)
 *(.init3)
 *(.init3)
 *(.init4)
 .init4         0x000001b8       0x1a c:/program files (x86)/atmel/studio/7.0/toolchain/avr8/avr8-gnu-toolchain/bin/../lib/gcc/avr/5.4.0/avr6\libgcc.a(_copy_data.o)
                0x000001b8                __do_copy_data
 .init4         0x000001d2       0x10 c:/program files (x86)/atmel/studio/7.0/toolchain/avr8/avr8-gnu-toolchain/bin/../lib/gcc/avr/5.4.0/avr6\libgcc.a(_clear_bss.o)
                0x000001d2                __do_clear_bss
 *(.init4)
 *(.init5)
 *(.init5)
 *(.init6)
 .init6         0x000001e2       0x20 c:/program files (x86)/atmel/studio/7.0/toolchain/avr8/avr8-gnu-toolchain/bin/../lib/gcc/avr/5.4.0/avr6\libgcc.a(_ctors.o)
                0x000001e2                __do_global_ctors
 *(.init6)
 *(.init7)
 *(.init7)
 *(.init8)
 *(.init8)
 *(.init9)
 .init9         0x00000202        0x6 C:/Program Files (x86)/Atmel/Studio/7.0/Packs/atmel/ATmega_DFP/1.6.364/gcc/dev/atmega2560/avr6/crtatmega2560.o
 *(.init9)
 *(.text)
 .text          0x00000208        0x2 C:/Program Files (x86)/Atmel/Studio/7.0/Packs/atmel/ATmega_DFP/1.6.364/gcc/dev/atmega2560/avr6/crtatmega2560.o
                0x00000208                __vector_38
                0x00000208                __vector_28
                0x00000208                __vector_1
                0x00000208                __vector_24
                0x00000208                __vector_12
                0x00000208                __vector_55
                0x00000208                __vector_46
                0x00000208                __bad_interrupt
                0x00000208                __vector_6
                0x00000208                __vector_31
                0x00000208                __vector_39
                0x00000208                __vector_3
                0x00000208                __vector_30
                0x00000208                __vector_25
                0x00000208                __vector_54
                0x00000208                __vector_56
                0x00000208                __vector_7
                0x00000208                __vector_41
                0x00000208                __vector_27
                0x00000208                __vector_5
                0x00000208                __vector_52
                0x00000208                __vector_37
                0x00000208                __vector_4
                0x00000208                __vector_51
                0x00000208                __vector_2
                0x00000208                __vector_15
                0x00000208                __vector_36
                0x00000208                __vector_40
                0x00000208                __vector_8
                0x00000208                __vector_26
                0x00000208                __vector_53
                0x00000208                __vector_16
                0x0000020a                . = ALIGN (0x2)
 *(.text.*)
 .text._ZN11Temp_Sensor12value_updateEv
                0x0000020a       0xe8 Classes.o
                0x0000020a                _ZN11Temp_Sensor12value_updateEv
 .text._ZN15Humidity_Sensor12value_updateEv
                0x000002f2       0x28 Classes.o
                0x000002f2                _ZN15Humidity_Sensor12value_updateEv
 .text._ZN11Temp_Sensor15get_measurementEv
                0x0000031a       0x3c Classes.o
                0x0000031a                _ZN11Temp_Sensor15get_measurementEv
 .text._ZN15Humidity_Sensor15get_measurementEv
                0x00000356       0x32 Classes.o
                0x00000356                _ZN15Humidity_Sensor15get_measurementEv
 .text._ZN5ClockC2EP3LCD
                0x00000388       0x2e Classes.o
                0x00000388                _ZN5ClockC2EP3LCD
                0x00000388                _ZN5ClockC1EP3LCD
 .text._ZN5Clock8callbackEv
                0x000003b6       0x28 Classes.o
                0x000003b6                _ZN5Clock8callbackEv
 .text._ZN5Clock11time_updateEv
                0x000003de       0x60 Classes.o
                0x000003de                _ZN5Clock11time_updateEv
 .text._ZN5AlarmC2EP3LCDP11DigiPortRawP5ClockPhS6_
                0x0000043e       0x96 Classes.o
                0x0000043e                _ZN5AlarmC1EP3LCDP11DigiPortRawP5ClockPhS6_
                0x0000043e                _ZN5AlarmC2EP3LCDP11DigiPortRawP5ClockPhS6_
 .text._ZN5Alarm11clear_alarmEv
                0x000004d4       0x22 Classes.o
                0x000004d4                _ZN5Alarm11clear_alarmEv
 .text._ZN5Alarm8callbackEv
                0x000004f6       0x54 Classes.o
                0x000004f6                _ZN5Alarm8callbackEv
 .text._ZN11Temp_SensorC2EP3LCDP11ADConverterPh
                0x0000054a       0x58 Classes.o
                0x0000054a                _ZN11Temp_SensorC2EP3LCDP11ADConverterPh
                0x0000054a                _ZN11Temp_SensorC1EP3LCDP11ADConverterPh
 .text._ZN11Temp_Sensor16clear_temp_alarmEv
                0x000005a2       0x26 Classes.o
                0x000005a2                _ZN11Temp_Sensor16clear_temp_alarmEv
 .text._ZN11Temp_Sensor15set_alarm_valueEh
                0x000005c8       0x42 Classes.o
                0x000005c8                _ZN11Temp_Sensor15set_alarm_valueEh
 .text._ZN11Temp_Sensor14get_temp_alarmEv
                0x0000060a       0x36 Classes.o
                0x0000060a                _ZN11Temp_Sensor14get_temp_alarmEv
 .text._ZN15Humidity_SensorC2EP3LCDP11ADConverter
                0x00000640       0x36 Classes.o
                0x00000640                _ZN15Humidity_SensorC2EP3LCDP11ADConverter
                0x00000640                _ZN15Humidity_SensorC1EP3LCDP11ADConverter
 .text._ZN11ADConverter8identityEj
                0x00000676        0x2 main.o
                0x00000676                _ZN11ADConverter8identityEj
 .text._Z15ticker_clockISRv
                0x00000678       0x14 main.o
                0x00000678                _Z15ticker_clockISRv
 .text._Z41__static_initialization_and_destruction_0ii
                0x0000068c       0xe4 main.o
 .text._GLOBAL__sub_I_eeprom_temp_alarm
                0x00000770        0xc main.o
 .text.main     0x0000077c      0x460 main.o
                0x0000077c                main
 .text._Z16ticker_sensorISRv
                0x00000bdc       0x14 main.o
                0x00000bdc                _Z16ticker_sensorISRv
 .text.avr-libc.fplib
                0x00000bf0        0xa c:/program files (x86)/atmel/studio/7.0/toolchain/avr8/avr8-gnu-toolchain/bin/../lib/gcc/avr/5.4.0/../../../../avr/lib/avr6\libm.a(addsf3.o)
                0x00000bf0                __subsf3
                0x00000bf2                __addsf3
 .text.avr-libc.fplib
                0x00000bfa       0xc0 c:/program files (x86)/atmel/studio/7.0/toolchain/avr8/avr8-gnu-toolchain/bin/../lib/gcc/avr/5.4.0/../../../../avr/lib/avr6\libm.a(addsf3x.o)
                0x00000c14                __addsf3x
 .text.avr-libc.fplib
                0x00000cba        0x4 c:/program files (x86)/atmel/studio/7.0/toolchain/avr8/avr8-gnu-toolchain/bin/../lib/gcc/avr/5.4.0/../../../../avr/lib/avr6\libm.a(divsf3.o)
                0x00000cba                __divsf3
 .text.avr-libc.fplib
                0x00000cbe       0xcc c:/program files (x86)/atmel/studio/7.0/toolchain/avr8/avr8-gnu-toolchain/bin/../lib/gcc/avr/5.4.0/../../../../avr/lib/avr6\libm.a(divsf3x.o)
                0x00000cd4                __divsf3x
                0x00000cd8                __divsf3_pse
 .text.avr-libc.fplib
                0x00000d8a       0x58 c:/program files (x86)/atmel/studio/7.0/toolchain/avr8/avr8-gnu-toolchain/bin/../lib/gcc/avr/5.4.0/../../../../avr/lib/avr6\libm.a(fixunssfsi.o)
                0x00000d8a                __fixunssfsi
 .text.avr-libc.fplib
                0x00000de2       0x7a c:/program files (x86)/atmel/studio/7.0/toolchain/avr8/avr8-gnu-toolchain/bin/../lib/gcc/avr/5.4.0/../../../../avr/lib/avr6\libm.a(floatsisf.o)
                0x00000de2                __floatunsisf
                0x00000de6                __floatsisf
 .text.avr-libc.fplib
                0x00000e5c        0xc c:/program files (x86)/atmel/studio/7.0/toolchain/avr8/avr8-gnu-toolchain/bin/../lib/gcc/avr/5.4.0/../../../../avr/lib/avr6\libm.a(fp_inf.o)
                0x00000e5c                __fp_inf
 .text.avr-libc.fplib
                0x00000e68        0x6 c:/program files (x86)/atmel/studio/7.0/toolchain/avr8/avr8-gnu-toolchain/bin/../lib/gcc/avr/5.4.0/../../../../avr/lib/avr6\libm.a(fp_nan.o)
                0x00000e68                __fp_nan
 .text.avr-libc.fplib
                0x00000e6e        0xe c:/program files (x86)/atmel/studio/7.0/toolchain/avr8/avr8-gnu-toolchain/bin/../lib/gcc/avr/5.4.0/../../../../avr/lib/avr6\libm.a(fp_pscA.o)
                0x00000e6e                __fp_pscA
 .text.avr-libc.fplib
                0x00000e7c        0xe c:/program files (x86)/atmel/studio/7.0/toolchain/avr8/avr8-gnu-toolchain/bin/../lib/gcc/avr/5.4.0/../../../../avr/lib/avr6\libm.a(fp_pscB.o)
                0x00000e7c                __fp_pscB
 .text.avr-libc.fplib
                0x00000e8a       0x22 c:/program files (x86)/atmel/studio/7.0/toolchain/avr8/avr8-gnu-toolchain/bin/../lib/gcc/avr/5.4.0/../../../../avr/lib/avr6\libm.a(fp_round.o)
                0x00000e8a                __fp_round
 .text.avr-libc.fplib
                0x00000eac       0x44 c:/program files (x86)/atmel/studio/7.0/toolchain/avr8/avr8-gnu-toolchain/bin/../lib/gcc/avr/5.4.0/../../../../avr/lib/avr6\libm.a(fp_split3.o)
                0x00000eac                __fp_split3
                0x00000ebc                __fp_splitA
 .text.avr-libc.fplib
                0x00000ef0        0xe c:/program files (x86)/atmel/studio/7.0/toolchain/avr8/avr8-gnu-toolchain/bin/../lib/gcc/avr/5.4.0/../../../../avr/lib/avr6\libm.a(fp_zero.o)
                0x00000ef0                __fp_zero
                0x00000ef2                __fp_szero
 .text.avr-libc.fplib
                0x00000efe        0x4 c:/program files (x86)/atmel/studio/7.0/toolchain/avr8/avr8-gnu-toolchain/bin/../lib/gcc/avr/5.4.0/../../../../avr/lib/avr6\libm.a(mulsf3.o)
                0x00000efe                __mulsf3
 .text.avr-libc.fplib
                0x00000f02       0xc2 c:/program files (x86)/atmel/studio/7.0/toolchain/avr8/avr8-gnu-toolchain/bin/../lib/gcc/avr/5.4.0/../../../../avr/lib/avr6\libm.a(mulsf3x.o)
                0x00000f16                __mulsf3x
                0x00000f1a                __mulsf3_pse
 .text.__vector_29
                0x00000fc4      0x166 D:\Runtime\libRuntime.a(ADConverter.o)
                0x00000fc4                __vector_29
 .text._ZN11ADConverterC2EhhPFjjE
                0x0000112a       0xa8 D:\Runtime\libRuntime.a(ADConverter.o)
                0x0000112a                _ZN11ADConverterC1EhhPFjjE
                0x0000112a                _ZN11ADConverterC2EhhPFjjE
 .text._ZN11ADConverter9get_valueEv
                0x000011d2       0xb4 D:\Runtime\libRuntime.a(ADConverter.o)
                0x000011d2                _ZN11ADConverter9get_valueEv
 .text._ZN11DigiPortRaw5writeEh
                0x00001286       0x26 D:\Runtime\libRuntime.a(DigiPort.o)
                0x00001286                _ZN11DigiPortRaw5writeEh
 .text._ZN11DigiPortRaw2onEh
                0x000012ac       0x3c D:\Runtime\libRuntime.a(DigiPort.o)
                0x000012ac                _ZN11DigiPortRaw2onEh
 .text._ZN11DigiPortRaw3offEh
                0x000012e8       0x3c D:\Runtime\libRuntime.a(DigiPort.o)
                0x000012e8                _ZN11DigiPortRaw3offEh
 .text._ZN11DigiPortRaw6toggleEh
                0x00001324       0x1e D:\Runtime\libRuntime.a(DigiPort.o)
                0x00001324                _ZN11DigiPortRaw6toggleEh
 .text._ZN11DigiPortRaw8read_rawEh
                0x00001342       0x2e D:\Runtime\libRuntime.a(DigiPort.o)
                0x00001342                _ZN11DigiPortRaw8read_rawEh
 .text._ZN12DigiPortIRPT6notifyEv
                0x00001370       0x40 D:\Runtime\libRuntime.a(DigiPort.o)
                0x00001370                _ZN12DigiPortIRPT6notifyEv
 .text._ZN11DigiPortRaw13read_blockingEh
                0x000013b0       0x4a D:\Runtime\libRuntime.a(DigiPort.o)
                0x000013b0                _ZN11DigiPortRaw13read_blockingEh
 .text._ZN11DigiPortRawC2Ehhh
                0x000013fa       0x48 D:\Runtime\libRuntime.a(DigiPort.o)
                0x000013fa                _ZN11DigiPortRawC1Ehhh
                0x000013fa                _ZN11DigiPortRawC2Ehhh
 .text.__vector_9
                0x00001442       0x66 D:\Runtime\libRuntime.a(DigiPort.o)
                0x00001442                __vector_9
 .text.__vector_10
                0x000014a8       0x66 D:\Runtime\libRuntime.a(DigiPort.o)
                0x000014a8                __vector_10
 .text.__vector_11
                0x0000150e       0x66 D:\Runtime\libRuntime.a(DigiPort.o)
                0x0000150e                __vector_11
 .text._ZN12DigiPortIRPTC2EhhhPFvvE
                0x00001574       0x94 D:\Runtime\libRuntime.a(DigiPort.o)
                0x00001574                _ZN12DigiPortIRPTC1EhhhPFvvE
                0x00001574                _ZN12DigiPortIRPTC2EhhhPFvvE
 .text._ZN3LCD10wait_readyEv
                0x00001608       0xd4 D:\Runtime\libRuntime.a(LCD.o)
                0x00001608                _ZN3LCD10wait_readyEv
 .text._ZN3LCD6enableEv
                0x000016dc       0x44 D:\Runtime\libRuntime.a(LCD.o)
                0x000016dc                _ZN3LCD6enableEv
 .text._ZN3LCD7commandEh
                0x00001720       0xb6 D:\Runtime\libRuntime.a(LCD.o)
                0x00001720                _ZN3LCD7commandEh
 .text._ZN3LCD7set_posEhh
                0x000017d6       0x58 D:\Runtime\libRuntime.a(LCD.o)
                0x000017d6                _ZN3LCD7set_posEhh
 .text._ZN3LCD14advance_cursorEv
                0x0000182e       0x3c D:\Runtime\libRuntime.a(LCD.o)
                0x0000182e                _ZN3LCD14advance_cursorEv
 .text._ZN3LCD4initEh
                0x0000186a      0x134 D:\Runtime\libRuntime.a(LCD.o)
                0x0000186a                _ZN3LCD4initEh
 .text._ZN3LCDC2Eh10LCD_Type_th
                0x0000199e       0x66 D:\Runtime\libRuntime.a(LCD.o)
                0x0000199e                _ZN3LCDC2Eh10LCD_Type_th
                0x0000199e                _ZN3LCDC1Eh10LCD_Type_th
 .text._ZN3LCD10write_charEc
                0x00001a04       0x62 D:\Runtime\libRuntime.a(LCD.o)
                0x00001a04                _ZN3LCD10write_charEc
 .text._ZN3LCD15write_SRAM_textEPKch
                0x00001a66       0x44 D:\Runtime\libRuntime.a(LCD.o)
                0x00001a66                _ZN3LCD15write_SRAM_textEPKch
 .text._ZN3LCD4itoaEPcihc
                0x00001aaa       0xea D:\Runtime\libRuntime.a(LCD.o)
                0x00001aaa                _ZN3LCD4itoaEPcihc
 .text._ZN3LCD12write_numberEihc
                0x00001b94       0x1a D:\Runtime\libRuntime.a(LCD.o)
                0x00001b94                _ZN3LCD12write_numberEihc
 .text._Z5yieldv
                0x00001bae       0x58 D:\Runtime\libRuntime.a(OSKernel.o)
                0x00001bae                _Z5yieldv
 .text._Z11sem_waitingv
                0x00001c06       0x36 D:\Runtime\libRuntime.a(OSKernel.o)
                0x00001c06                _Z11sem_waitingv
 .text.__vector_23
                0x00001c3c      0x202 D:\Runtime\libRuntime.a(OSKernel.o)
                0x00001c3c                __vector_23
 .text._GLOBAL__sub_I__Z11task_insertPFvvE8Priority
                0x00001e3e        0xa D:\Runtime\libRuntime.a(OSKernel.o)
 .text._ZN11QuadEncoder2onEh
                0x00001e48       0x14 D:\Runtime\libRuntime.a(QuadEncoder.o)
                0x00001e48                _ZN11QuadEncoder2onEh
 .text._ZN11QuadEncoder3offEh
                0x00001e5c       0x12 D:\Runtime\libRuntime.a(QuadEncoder.o)
                0x00001e5c                _ZN11QuadEncoder3offEh
 .text._ZN11QuadEncoder6toggleEh
                0x00001e6e       0x12 D:\Runtime\libRuntime.a(QuadEncoder.o)
                0x00001e6e                _ZN11QuadEncoder6toggleEh
 .text._ZN11QuadEncoder6notifyEv
                0x00001e80       0xf2 D:\Runtime\libRuntime.a(QuadEncoder.o)
                0x00001e80                _ZN11QuadEncoder6notifyEv
 .text._ZN11QuadEncoderC2Eh
                0x00001f72       0x62 D:\Runtime\libRuntime.a(QuadEncoder.o)
                0x00001f72                _ZN11QuadEncoderC1Eh
                0x00001f72                _ZN11QuadEncoderC2Eh
 .text._ZN11QuadEncoder5startEiii
                0x00001fd4       0xac D:\Runtime\libRuntime.a(QuadEncoder.o)
                0x00001fd4                _ZN11QuadEncoder5startEiii
 .text._ZN6Timer88notify_AEv
                0x00002080       0x2c D:\Runtime\libRuntime.a(Timer.o)
                0x00002080                _ZN6Timer88notify_AEv
 .text._ZN6Timer88notify_BEv
                0x000020ac       0x2c D:\Runtime\libRuntime.a(Timer.o)
                0x000020ac                _ZN6Timer88notify_BEv
 .text._ZN6Timer88notify_CEv
                0x000020d8        0x2 D:\Runtime\libRuntime.a(Timer.o)
                0x000020d8                _ZN6Timer88notify_CEv
 .text._ZN6Timer88notify_OEv
                0x000020da       0x24 D:\Runtime\libRuntime.a(Timer.o)
                0x000020da                _ZN6Timer88notify_OEv
 .text._ZN7OSTimer5resetEv
                0x000020fe       0x4c D:\Runtime\libRuntime.a(Timer.o)
                0x000020fe                _ZN7OSTimer5resetEv
 .text._ZN7Timer168notify_AEv
                0x0000214a       0x2c D:\Runtime\libRuntime.a(Timer.o)
                0x0000214a                _ZN7Timer168notify_AEv
 .text._ZN7Timer168notify_BEv
                0x00002176       0x2c D:\Runtime\libRuntime.a(Timer.o)
                0x00002176                _ZN7Timer168notify_BEv
 .text._ZN7Timer168notify_CEv
                0x000021a2       0x2c D:\Runtime\libRuntime.a(Timer.o)
                0x000021a2                _ZN7Timer168notify_CEv
 .text._ZN7Timer168notify_OEv
                0x000021ce       0x24 D:\Runtime\libRuntime.a(Timer.o)
                0x000021ce                _ZN7Timer168notify_OEv
 .text.__cxa_pure_virtual
                0x000021f2        0x2 D:\Runtime\libRuntime.a(Timer.o)
                0x000021f2                __cxa_pure_virtual
 .text.__vector_21
                0x000021f4       0x66 D:\Runtime\libRuntime.a(Timer.o)
                0x000021f4                __vector_21
 .text.__vector_22
                0x0000225a       0x66 D:\Runtime\libRuntime.a(Timer.o)
                0x0000225a                __vector_22
 .text.__vector_13
                0x000022c0       0x66 D:\Runtime\libRuntime.a(Timer.o)
                0x000022c0                __vector_13
 .text.__vector_14
                0x00002326       0x66 D:\Runtime\libRuntime.a(Timer.o)
                0x00002326                __vector_14
 .text.__vector_17
                0x0000238c       0x66 D:\Runtime\libRuntime.a(Timer.o)
                0x0000238c                __vector_17
 .text.__vector_18
                0x000023f2       0x66 D:\Runtime\libRuntime.a(Timer.o)
                0x000023f2                __vector_18
 .text.__vector_19
                0x00002458       0x66 D:\Runtime\libRuntime.a(Timer.o)
                0x00002458                __vector_19
 .text.__vector_20
                0x000024be       0x66 D:\Runtime\libRuntime.a(Timer.o)
                0x000024be                __vector_20
 .text.__vector_32
                0x00002524       0x66 D:\Runtime\libRuntime.a(Timer.o)
                0x00002524                __vector_32
 .text.__vector_33
                0x0000258a       0x66 D:\Runtime\libRuntime.a(Timer.o)
                0x0000258a                __vector_33
 .text.__vector_34
                0x000025f0       0x66 D:\Runtime\libRuntime.a(Timer.o)
                0x000025f0                __vector_34
 .text.__vector_35
                0x00002656       0x66 D:\Runtime\libRuntime.a(Timer.o)
                0x00002656                __vector_35
 .text.__vector_42
                0x000026bc       0x66 D:\Runtime\libRuntime.a(Timer.o)
                0x000026bc                __vector_42
 .text.__vector_43
                0x00002722       0x66 D:\Runtime\libRuntime.a(Timer.o)
                0x00002722                __vector_43
 .text.__vector_44
                0x00002788       0x66 D:\Runtime\libRuntime.a(Timer.o)
                0x00002788                __vector_44
 .text.__vector_45
                0x000027ee       0x66 D:\Runtime\libRuntime.a(Timer.o)
                0x000027ee                __vector_45
 .text.__vector_47
                0x00002854       0x66 D:\Runtime\libRuntime.a(Timer.o)
                0x00002854                __vector_47
 .text.__vector_48
                0x000028ba       0x66 D:\Runtime\libRuntime.a(Timer.o)
                0x000028ba                __vector_48
 .text.__vector_49
                0x00002920       0x66 D:\Runtime\libRuntime.a(Timer.o)
                0x00002920                __vector_49
 .text.__vector_50
                0x00002986       0x66 D:\Runtime\libRuntime.a(Timer.o)
                0x00002986                __vector_50
 .text._ZN7Timer16C2EhPFvvES1_S1_S1_
                0x000029ec      0x1ba D:\Runtime\libRuntime.a(Timer.o)
                0x000029ec                _ZN7Timer16C2EhPFvvES1_S1_S1_
                0x000029ec                _ZN7Timer16C1EhPFvvES1_S1_S1_
 .text._ZN7Timer168start_msEjjjjh
                0x00002ba6      0x164 D:\Runtime\libRuntime.a(Timer.o)
                0x00002ba6                _ZN7Timer168start_msEjjjjh
 .text._ZN6Timer8C2EhPFvvES1_S1_
                0x00002d0a       0xec D:\Runtime\libRuntime.a(Timer.o)
                0x00002d0a                _ZN6Timer8C1EhPFvvES1_S1_
                0x00002d0a                _ZN6Timer8C2EhPFvvES1_S1_
 .text._ZN7OSTimerC2Eh
                0x00002df6       0x48 D:\Runtime\libRuntime.a(Timer.o)
                0x00002df6                _ZN7OSTimerC2Eh
                0x00002df6                _ZN7OSTimerC1Eh
 .text._ZN7OSTimer13force_timeoutEv
                0x00002e3e       0x58 D:\Runtime\libRuntime.a(Timer.o)
                0x00002e3e                _ZN7OSTimer13force_timeoutEv
 .text._ZN5Timer4stopEv
                0x00002e96       0x18 D:\Runtime\libRuntime.a(Timer.o)
                0x00002e96                _ZN5Timer4stopEv
 .text._ZN7Timer165resetEv
                0x00002eae       0x7c D:\Runtime\libRuntime.a(Timer.o)
                0x00002eae                _ZN7Timer165resetEv
 .text._ZN6Timer85resetEv
                0x00002f2a       0x36 D:\Runtime\libRuntime.a(Timer.o)
                0x00002f2a                _ZN6Timer85resetEv
 .text._Z22port_handle_to_addressh
                0x00002f60       0x48 D:\Runtime\libRuntime.a(Basics.o)
                0x00002f60                _Z22port_handle_to_addressh
 .text._Z20tc_handle_to_addressh
                0x00002fa8       0x4a D:\Runtime\libRuntime.a(Basics.o)
                0x00002fa8                _Z20tc_handle_to_addressh
 .text.libgcc.div
                0x00002ff2       0x28 c:/program files (x86)/atmel/studio/7.0/toolchain/avr8/avr8-gnu-toolchain/bin/../lib/gcc/avr/5.4.0/avr6\libgcc.a(_udivmodhi4.o)
                0x00002ff2                __udivmodhi4
 .text.libgcc.div
                0x0000301a       0x26 c:/program files (x86)/atmel/studio/7.0/toolchain/avr8/avr8-gnu-toolchain/bin/../lib/gcc/avr/5.4.0/avr6\libgcc.a(_divmodhi4.o)
                0x0000301a                _div
                0x0000301a                __divmodhi4
 .text.libgcc   0x00003040       0x10 c:/program files (x86)/atmel/studio/7.0/toolchain/avr8/avr8-gnu-toolchain/bin/../lib/gcc/avr/5.4.0/avr6\libgcc.a(_tablejump2.o)
                0x00003040                __tablejump2__
 .text.avr-libc
                0x00003050       0x10 C:/Program Files (x86)/Atmel/Studio/7.0/Packs/atmel/ATmega_DFP/1.6.364/gcc/dev/atmega2560/avr6\libatmega2560.a(eerd_byte.o)
                0x00003050                eeprom_read_byte
 .text.avr-libc
                0x00003060       0x24 C:/Program Files (x86)/Atmel/Studio/7.0/Packs/atmel/ATmega_DFP/1.6.364/gcc/dev/atmega2560/avr6\libatmega2560.a(eeupd_byte.o)
                0x00003060                eeprom_update_byte
                0x00003062                eeprom_update_r18
                0x00003084                . = ALIGN (0x2)
 *(.fini9)
 .fini9         0x00003084        0x0 c:/program files (x86)/atmel/studio/7.0/toolchain/avr8/avr8-gnu-toolchain/bin/../lib/gcc/avr/5.4.0/avr6\libgcc.a(_exit.o)
                0x00003084                _exit
                0x00003084                exit
 *(.fini9)
 *(.fini8)
 *(.fini8)
 *(.fini7)
 *(.fini7)
 *(.fini6)
 *(.fini6)
 *(.fini5)
 *(.fini5)
 *(.fini4)
 *(.fini4)
 *(.fini3)
 *(.fini3)
 *(.fini2)
 *(.fini2)
 *(.fini1)
 *(.fini1)
 *(.fini0)
 .fini0         0x00003084        0x4 c:/program files (x86)/atmel/studio/7.0/toolchain/avr8/avr8-gnu-toolchain/bin/../lib/gcc/avr/5.4.0/avr6\libgcc.a(_exit.o)
 *(.fini0)
                0x00003088                _etext = .

.data           0x00800200      0x128 load address 0x00003088
                0x00800200                PROVIDE (__data_start, .)
 *(.data)
 *(.data*)
 .data._ZL16sem_waiting_list
                0x00800200        0x8 D:\Runtime\libRuntime.a(OSKernel.o)
 .data._ZL14active_task_id
                0x00800208        0x1 D:\Runtime\libRuntime.a(OSKernel.o)
 .data._ZN11QuadEncoder15sub_state_tableE
                0x00800209       0x10 D:\Runtime\libRuntime.a(QuadEncoder.o)
                0x00800209                _ZN11QuadEncoder15sub_state_tableE
 *(.gnu.linkonce.d*)
 *(.rodata)
 *(.rodata*)
 .rodata.str1.1
                0x00800219       0x35 Classes.o
                                 0x37 (size before relaxing)
 .rodata._ZTV11Temp_Sensor
                0x0080024e        0x8 Classes.o
                0x0080024e                _ZTV11Temp_Sensor
 .rodata._ZTV15Humidity_Sensor
                0x00800256        0x8 Classes.o
                0x00800256                _ZTV15Humidity_Sensor
 .rodata._ZTV12DigiPortIRPT
                0x0080025e       0x12 D:\Runtime\libRuntime.a(DigiPort.o)
                0x0080025e                _ZTV12DigiPortIRPT
 .rodata._ZTV11DigiPortRaw
                0x00800270       0x10 D:\Runtime\libRuntime.a(DigiPort.o)
                0x00800270                _ZTV11DigiPortRaw
 .rodata.lcdTypes
                0x00800280       0x3c D:\Runtime\libRuntime.a(LCD.o)
                0x00800280                lcdTypes
 .rodata._ZTV11QuadEncoder
                0x008002bc       0x12 D:\Runtime\libRuntime.a(QuadEncoder.o)
                0x008002bc                _ZTV11QuadEncoder
 .rodata._ZTV5Timer
                0x008002ce        0xe D:\Runtime\libRuntime.a(Timer.o)
                0x008002ce                _ZTV5Timer
 .rodata._ZTV6Timer8
                0x008002dc        0xe D:\Runtime\libRuntime.a(Timer.o)
                0x008002dc                _ZTV6Timer8
 .rodata._ZTV7OSTimer
                0x008002ea        0xe D:\Runtime\libRuntime.a(Timer.o)
                0x008002ea                _ZTV7OSTimer
 .rodata._ZTV7Timer16
                0x008002f8        0xe D:\Runtime\libRuntime.a(Timer.o)
                0x008002f8                _ZTV7Timer16
 .rodata.tc_vect
                0x00800306        0xc D:\Runtime\libRuntime.a(Basics.o)
                0x00800306                tc_vect
 .rodata.port_vect
                0x00800312       0x16 D:\Runtime\libRuntime.a(Basics.o)
                0x00800312                port_vect
 *(.gnu.linkonce.r*)
                0x00800328                . = ALIGN (0x2)
                0x00800328                _edata = .
                0x00800328                PROVIDE (__data_end, .)

.bss            0x00800328     0x1a3c
                0x00800328                PROVIDE (__bss_start, .)
 *(.bss)
 *(.bss*)
 .bss.do_update_display2
                0x00800328        0x1 main.o
                0x00800328                do_update_display2
 .bss.do_update_display1
                0x00800329        0x1 main.o
                0x00800329                do_update_display1
 .bss._ZL17myHumidity_Sensor
                0x0080032a        0x7 main.o
 .bss._ZL13myTemp_Sensor
                0x00800331        0xc main.o
 .bss._ZL7myAlarm
                0x0080033d        0xd main.o
 .bss._ZL7myClock
                0x0080034a        0x5 main.o
 .bss._ZL12humidity_adc
                0x0080034f        0xa main.o
 .bss._ZL8temp_adc
                0x00800359        0xa main.o
 .bss._ZL6myLeds
                0x00800363        0x6 main.o
 .bss._ZL13ticker_Sensor
                0x00800369       0x12 main.o
 .bss._ZL12ticker_Clock
                0x0080037b       0x12 main.o
 .bss._ZL11myDisplay_1
                0x0080038d        0xa main.o
 .bss._ZL13myQuadEncoder
                0x00800397       0x18 main.o
 .bss._ZL6myKeys
                0x008003af        0xb main.o
 .bss._ZZN11ADConverter7adc_isrEvE4next
                0x008003ba        0x1 D:\Runtime\libRuntime.a(ADConverter.o)
 .bss._ZN11ADConverter10adc_objectE
                0x008003bb       0x20 D:\Runtime\libRuntime.a(ADConverter.o)
                0x008003bb                _ZN11ADConverter10adc_objectE
 .bss._ZN11ADConverter8inst_cntE
                0x008003db        0x1 D:\Runtime\libRuntime.a(ADConverter.o)
                0x008003db                _ZN11ADConverter8inst_cntE
 .bss.dp_obj    0x008003dc        0x6 D:\Runtime\libRuntime.a(DigiPort.o)
                0x008003dc                dp_obj
 .bss._ZZN3LCD4itoaEPcihcE3num
                0x008003e2        0x7 D:\Runtime\libRuntime.a(LCD.o)
 .bss._ZL18sem_waiting_oldest
                0x008003e9        0x1 D:\Runtime\libRuntime.a(OSKernel.o)
 .bss._ZL17sem_waiting_count
                0x008003ea        0x1 D:\Runtime\libRuntime.a(OSKernel.o)
 .bss._ZL10sched_type
                0x008003eb        0x1 D:\Runtime\libRuntime.a(OSKernel.o)
 .bss._ZL8OS_timer
                0x008003ec       0x11 D:\Runtime\libRuntime.a(OSKernel.o)
 .bss._ZL7taskset
                0x008003fd     0x1958 D:\Runtime\libRuntime.a(OSKernel.o)
 .bss.timer_obj
                0x00801d55        0xc D:\Runtime\libRuntime.a(Timer.o)
                0x00801d55                timer_obj
 .bss._ZL8tc_usage
                0x00801d61        0x1 D:\Runtime\libRuntime.a(Basics.o)
 .bss._ZL10port_usage
                0x00801d62        0x2 D:\Runtime\libRuntime.a(Basics.o)
 *(COMMON)
                0x00801d64                PROVIDE (__bss_end, .)
                0x00003088                __data_load_start = LOADADDR (.data)
                0x000031b0                __data_load_end = (__data_load_start + SIZEOF (.data))

.noinit         0x00801d64        0x0
                [!provide]                PROVIDE (__noinit_start, .)
 *(.noinit*)
                [!provide]                PROVIDE (__noinit_end, .)
                0x00801d64                _end = .
                [!provide]                PROVIDE (__heap_start, .)

.eeprom         0x00810000        0x3
 *(.eeprom*)
 .eeprom        0x00810000        0x3 main.o
                0x00810000                eeprom_minutes_alarm
                0x00810001                eeprom_hours_alarm
                0x00810002                eeprom_temp_alarm
                0x00810003                __eeprom_end = .

.fuse
 *(.fuse)
 *(.lfuse)
 *(.hfuse)
 *(.efuse)

.lock
 *(.lock*)

.signature
 *(.signature*)

.user_signatures
 *(.user_signatures*)

.stab
 *(.stab)

.stabstr
 *(.stabstr)

.stab.excl
 *(.stab.excl)

.stab.exclstr
 *(.stab.exclstr)

.stab.index
 *(.stab.index)

.stab.indexstr
 *(.stab.indexstr)

.comment        0x00000000       0x30
 *(.comment)
 .comment       0x00000000       0x30 Classes.o
                                 0x31 (size before relaxing)
 .comment       0x00000030       0x31 main.o
 .comment       0x00000030       0x31 D:\Runtime\libRuntime.a(ADConverter.o)
 .comment       0x00000030       0x31 D:\Runtime\libRuntime.a(DigiPort.o)
 .comment       0x00000030       0x31 D:\Runtime\libRuntime.a(LCD.o)
 .comment       0x00000030       0x31 D:\Runtime\libRuntime.a(OSKernel.o)
 .comment       0x00000030       0x31 D:\Runtime\libRuntime.a(QuadEncoder.o)
 .comment       0x00000030       0x31 D:\Runtime\libRuntime.a(Timer.o)
 .comment       0x00000030       0x31 D:\Runtime\libRuntime.a(Basics.o)

.note.gnu.avr.deviceinfo
                0x00000000       0x40
 .note.gnu.avr.deviceinfo
                0x00000000       0x40 C:/Program Files (x86)/Atmel/Studio/7.0/Packs/atmel/ATmega_DFP/1.6.364/gcc/dev/atmega2560/avr6/crtatmega2560.o

.note.gnu.build-id
 *(.note.gnu.build-id)

.debug
 *(.debug)

.line
 *(.line)

.debug_srcinfo
 *(.debug_srcinfo)

.debug_sfnames
 *(.debug_sfnames)

.debug_aranges  0x00000000      0x558
 *(.debug_aranges)
 .debug_aranges
                0x00000000       0x98 Classes.o
 .debug_aranges
                0x00000098       0x50 main.o
 .debug_aranges
                0x000000e8       0x30 D:\Runtime\libRuntime.a(ADConverter.o)
 .debug_aranges
                0x00000118       0x88 D:\Runtime\libRuntime.a(DigiPort.o)
 .debug_aranges
                0x000001a0       0xe0 D:\Runtime\libRuntime.a(LCD.o)
 .debug_aranges
                0x00000280       0x98 D:\Runtime\libRuntime.a(OSKernel.o)
 .debug_aranges
                0x00000318       0x60 D:\Runtime\libRuntime.a(QuadEncoder.o)
 .debug_aranges
                0x00000378      0x170 D:\Runtime\libRuntime.a(Timer.o)
 .debug_aranges
                0x000004e8       0x30 D:\Runtime\libRuntime.a(Basics.o)
 .debug_aranges
                0x00000518       0x20 C:/Program Files (x86)/Atmel/Studio/7.0/Packs/atmel/ATmega_DFP/1.6.364/gcc/dev/atmega2560/avr6\libatmega2560.a(eerd_byte.o)
 .debug_aranges
                0x00000538       0x20 C:/Program Files (x86)/Atmel/Studio/7.0/Packs/atmel/ATmega_DFP/1.6.364/gcc/dev/atmega2560/avr6\libatmega2560.a(eeupd_byte.o)

.debug_pubnames
 *(.debug_pubnames)

.debug_info     0x00000000     0x9bff
 *(.debug_info .gnu.linkonce.wi.*)
 .debug_info    0x00000000      0xbbc C:/Program Files (x86)/Atmel/Studio/7.0/Packs/atmel/ATmega_DFP/1.6.364/gcc/dev/atmega2560/avr6/crtatmega2560.o
 .debug_info    0x00000bbc     0x14cc Classes.o
 .debug_info    0x00002088     0x2254 main.o
 .debug_info    0x000042dc      0x370 D:\Runtime\libRuntime.a(ADConverter.o)
 .debug_info    0x0000464c      0xb41 D:\Runtime\libRuntime.a(DigiPort.o)
 .debug_info    0x0000518d     0x1c76 D:\Runtime\libRuntime.a(LCD.o)
 .debug_info    0x00006e03      0xb92 D:\Runtime\libRuntime.a(OSKernel.o)
 .debug_info    0x00007995      0xaab D:\Runtime\libRuntime.a(QuadEncoder.o)
 .debug_info    0x00008440     0x14d3 D:\Runtime\libRuntime.a(Timer.o)
 .debug_info    0x00009913      0x1b7 D:\Runtime\libRuntime.a(Basics.o)
 .debug_info    0x00009aca       0x9a C:/Program Files (x86)/Atmel/Studio/7.0/Packs/atmel/ATmega_DFP/1.6.364/gcc/dev/atmega2560/avr6\libatmega2560.a(eerd_byte.o)
 .debug_info    0x00009b64       0x9b C:/Program Files (x86)/Atmel/Studio/7.0/Packs/atmel/ATmega_DFP/1.6.364/gcc/dev/atmega2560/avr6\libatmega2560.a(eeupd_byte.o)

.debug_abbrev   0x00000000     0x2c7e
 *(.debug_abbrev)
 .debug_abbrev  0x00000000      0xb1a C:/Program Files (x86)/Atmel/Studio/7.0/Packs/atmel/ATmega_DFP/1.6.364/gcc/dev/atmega2560/avr6/crtatmega2560.o
 .debug_abbrev  0x00000b1a      0x43c Classes.o
 .debug_abbrev  0x00000f56      0x453 main.o
 .debug_abbrev  0x000013a9      0x210 D:\Runtime\libRuntime.a(ADConverter.o)
 .debug_abbrev  0x000015b9      0x418 D:\Runtime\libRuntime.a(DigiPort.o)
 .debug_abbrev  0x000019d1      0x4d4 D:\Runtime\libRuntime.a(LCD.o)
 .debug_abbrev  0x00001ea5      0x4cf D:\Runtime\libRuntime.a(OSKernel.o)
 .debug_abbrev  0x00002374      0x3a1 D:\Runtime\libRuntime.a(QuadEncoder.o)
 .debug_abbrev  0x00002715      0x43d D:\Runtime\libRuntime.a(Timer.o)
 .debug_abbrev  0x00002b52      0x104 D:\Runtime\libRuntime.a(Basics.o)
 .debug_abbrev  0x00002c56       0x14 C:/Program Files (x86)/Atmel/Studio/7.0/Packs/atmel/ATmega_DFP/1.6.364/gcc/dev/atmega2560/avr6\libatmega2560.a(eerd_byte.o)
 .debug_abbrev  0x00002c6a       0x14 C:/Program Files (x86)/Atmel/Studio/7.0/Packs/atmel/ATmega_DFP/1.6.364/gcc/dev/atmega2560/avr6\libatmega2560.a(eeupd_byte.o)

.debug_line     0x00000000     0x3cb6
 *(.debug_line .debug_line.* .debug_line_end)
 .debug_line    0x00000000      0x1fa C:/Program Files (x86)/Atmel/Studio/7.0/Packs/atmel/ATmega_DFP/1.6.364/gcc/dev/atmega2560/avr6/crtatmega2560.o
 .debug_line    0x000001fa      0x4ba Classes.o
 .debug_line    0x000006b4      0x62f main.o
 .debug_line    0x00000ce3      0x234 D:\Runtime\libRuntime.a(ADConverter.o)
 .debug_line    0x00000f17      0x514 D:\Runtime\libRuntime.a(DigiPort.o)
 .debug_line    0x0000142b      0xbbb D:\Runtime\libRuntime.a(LCD.o)
 .debug_line    0x00001fe6      0x7b7 D:\Runtime\libRuntime.a(OSKernel.o)
 .debug_line    0x0000279d      0x42a D:\Runtime\libRuntime.a(QuadEncoder.o)
 .debug_line    0x00002bc7      0xe39 D:\Runtime\libRuntime.a(Timer.o)
 .debug_line    0x00003a00      0x186 D:\Runtime\libRuntime.a(Basics.o)
 .debug_line    0x00003b86       0x7a C:/Program Files (x86)/Atmel/Studio/7.0/Packs/atmel/ATmega_DFP/1.6.364/gcc/dev/atmega2560/avr6\libatmega2560.a(eerd_byte.o)
 .debug_line    0x00003c00       0xb6 C:/Program Files (x86)/Atmel/Studio/7.0/Packs/atmel/ATmega_DFP/1.6.364/gcc/dev/atmega2560/avr6\libatmega2560.a(eeupd_byte.o)

.debug_frame    0x00000000     0x1484
 *(.debug_frame)
 .debug_frame   0x00000000      0x1d8 Classes.o
 .debug_frame   0x000001d8       0x98 main.o
 .debug_frame   0x00000270       0x98 D:\Runtime\libRuntime.a(ADConverter.o)
 .debug_frame   0x00000308      0x234 D:\Runtime\libRuntime.a(DigiPort.o)
 .debug_frame   0x0000053c      0x374 D:\Runtime\libRuntime.a(LCD.o)
 .debug_frame   0x000008b0      0x114 D:\Runtime\libRuntime.a(OSKernel.o)
 .debug_frame   0x000009c4       0xe0 D:\Runtime\libRuntime.a(QuadEncoder.o)
 .debug_frame   0x00000aa4      0x99c D:\Runtime\libRuntime.a(Timer.o)
 .debug_frame   0x00001440       0x44 D:\Runtime\libRuntime.a(Basics.o)

.debug_str      0x00000000     0x25c0
 *(.debug_str)
 .debug_str     0x00000000      0x3e6 C:/Program Files (x86)/Atmel/Studio/7.0/Packs/atmel/ATmega_DFP/1.6.364/gcc/dev/atmega2560/avr6/crtatmega2560.o
 .debug_str     0x000003e6      0xb92 Classes.o
                                0xc9b (size before relaxing)
 .debug_str     0x00000f78      0x351 main.o
                                0xe7b (size before relaxing)
 .debug_str     0x000012c9      0x1e7 D:\Runtime\libRuntime.a(ADConverter.o)
                                0x3d6 (size before relaxing)
 .debug_str     0x000014b0      0x3f5 D:\Runtime\libRuntime.a(DigiPort.o)
                                0x673 (size before relaxing)
 .debug_str     0x000018a5      0x22c D:\Runtime\libRuntime.a(LCD.o)
                                0x886 (size before relaxing)
 .debug_str     0x00001ad1      0x3f6 D:\Runtime\libRuntime.a(OSKernel.o)
                                0x740 (size before relaxing)
 .debug_str     0x00001ec7      0x244 D:\Runtime\libRuntime.a(QuadEncoder.o)
                                0x7c5 (size before relaxing)
 .debug_str     0x0000210b      0x487 D:\Runtime\libRuntime.a(Timer.o)
                                0x8fe (size before relaxing)
 .debug_str     0x00002592       0x2e D:\Runtime\libRuntime.a(Basics.o)
                                0x288 (size before relaxing)

.debug_loc      0x00000000     0x5db8
 *(.debug_loc)
 .debug_loc     0x00000000      0x862 Classes.o
 .debug_loc     0x00000862      0x4de main.o
 .debug_loc     0x00000d40      0x1e1 D:\Runtime\libRuntime.a(ADConverter.o)
 .debug_loc     0x00000f21      0xa3c D:\Runtime\libRuntime.a(DigiPort.o)
 .debug_loc     0x0000195d     0x1a7a D:\Runtime\libRuntime.a(LCD.o)
 .debug_loc     0x000033d7      0x416 D:\Runtime\libRuntime.a(OSKernel.o)
 .debug_loc     0x000037ed      0x498 D:\Runtime\libRuntime.a(QuadEncoder.o)
 .debug_loc     0x00003c85     0x20c5 D:\Runtime\libRuntime.a(Timer.o)
 .debug_loc     0x00005d4a       0x6e D:\Runtime\libRuntime.a(Basics.o)

.debug_macinfo
 *(.debug_macinfo)

.debug_weaknames
 *(.debug_weaknames)

.debug_funcnames
 *(.debug_funcnames)

.debug_typenames
 *(.debug_typenames)

.debug_varnames
 *(.debug_varnames)

.debug_pubtypes
 *(.debug_pubtypes)

.debug_ranges   0x00000000      0x4e8
 *(.debug_ranges)
 .debug_ranges  0x00000000       0x88 Classes.o
 .debug_ranges  0x00000088       0x40 main.o
 .debug_ranges  0x000000c8       0x20 D:\Runtime\libRuntime.a(ADConverter.o)
 .debug_ranges  0x000000e8       0x78 D:\Runtime\libRuntime.a(DigiPort.o)
 .debug_ranges  0x00000160      0x100 D:\Runtime\libRuntime.a(LCD.o)
 .debug_ranges  0x00000260       0xb8 D:\Runtime\libRuntime.a(OSKernel.o)
 .debug_ranges  0x00000318       0x50 D:\Runtime\libRuntime.a(QuadEncoder.o)
 .debug_ranges  0x00000368      0x160 D:\Runtime\libRuntime.a(Timer.o)
 .debug_ranges  0x000004c8       0x20 D:\Runtime\libRuntime.a(Basics.o)

.debug_macro
 *(.debug_macro)
OUTPUT(Testat.elf elf32-avr)
LOAD linker stubs
